Component: ARM Compiler 5.06 update 5 (build 528) Tool: armlink [4d35e2]

==============================================================================

Section Cross References

    main.o(i.Init) refers to lcd.o(i.PortInit) for PortInit
    main.o(i.Init) refers to lcd.o(i.lcdInit) for lcdInit
    main.o(i.Init) refers to lcd.o(i.lcdcommandInit) for lcdcommandInit
    main.o(i.Init) refers to keypad.o(i.keypadInit) for keypadInit
    main.o(i.longDelay) refers to pll.o(i.SysTick_Wait) for SysTick_Wait
    main.o(i.main) refers to main.o(i.Init) for Init
    main.o(i.main) refers to lcd.o(i.lcdWriteRamString) for lcdWriteRamString
    main.o(i.main) refers to main.o(i.longDelay) for longDelay
    main.o(i.main) refers to lcd.o(i.lcdClearScreen) for lcdClearScreen
    main.o(i.main) refers to keypad.o(i.readKeypad) for readKeypad
    main.o(i.main) refers to pll.o(i.SysTick_Wait) for SysTick_Wait
    main.o(i.main) refers to main.o(i.password) for password
    main.o(i.main) refers to lcd.o(i.lcdWriteData) for lcdWriteData
    main.o(i.main) refers to printfa.o(i.__0sprintf) for __2sprintf
    main.o(i.main) refers to lcd.o(i.lcdGoto) for lcdGoto
    main.o(i.main) refers to main.o(i.performCalculation) for performCalculation
    main.o(i.main) refers to f2d.o(.text) for __aeabi_f2d
    main.o(i.main) refers to strlen.o(.text) for strlen
    main.o(i.main) refers to main.o(.data) for pad
    main.o(i.main) refers to main.o(.bss) for pwchar
    main.o(i.password) refers to strcat.o(.text) for strcat
    main.o(i.password) refers to strcpy.o(.text) for strcpy
    main.o(i.password) refers to atoi.o(.text) for atoi
    main.o(i.password) refers to memseta.o(.text) for __aeabi_memclr4
    main.o(i.password) refers to main.o(.bss) for passEntry
    main.o(i.password) refers to main.o(.data) for pw
    main.o(i.performCalculation) refers to main.o(i.returnNumber) for returnNumber
    main.o(i.performCalculation) refers to strcat.o(.text) for strcat
    main.o(i.performCalculation) refers to atof.o(i.__hardfp_atof) for __hardfp_atof
    main.o(i.performCalculation) refers to d2f.o(.text) for __aeabi_d2f
    main.o(i.performCalculation) refers to memseta.o(.text) for __aeabi_memclr4
    main.o(i.performCalculation) refers to f2d.o(.text) for __aeabi_f2d
    main.o(i.performCalculation) refers to sqrt.o(i.__hardfp_sqrt) for __hardfp_sqrt
    main.o(i.performCalculation) refers to printfa.o(i.__0sprintf) for __2sprintf
    main.o(i.performCalculation) refers to cos.o(i.__hardfp_cos) for __hardfp_cos
    main.o(i.performCalculation) refers to sin.o(i.__hardfp_sin) for __hardfp_sin
    main.o(i.performCalculation) refers to tan.o(i.__hardfp_tan) for __hardfp_tan
    main.o(i.performCalculation) refers to main.o(.data) for counter
    main.o(i.performCalculation) refers to main.o(.bss) for numonefinal
    main.o(i.performCalculation) refers to acos.o(i.__hardfp_acos) for __hardfp_acos
    main.o(i.performCalculation) refers to asin.o(i.__hardfp_asin) for __hardfp_asin
    main.o(i.performCalculation) refers to atan.o(i.__hardfp_atan) for __hardfp_atan
    main.o(i.performCalculation) refers to log10.o(i.__hardfp_log10) for __hardfp_log10
    main.o(i.performCalculation) refers to log.o(i.__hardfp_log) for __hardfp_log
    main.o(i.returnNumber) refers to strcat.o(.text) for strcat
    main.o(i.returnNumber) refers to strcpy.o(.text) for strcpy
    uart.o(i.fgetc) refers to uart.o(i.UART_InChar) for UART_InChar
    uart.o(i.fgetc) refers to uart.o(i.UART_OutChar) for UART_OutChar
    uart.o(i.fputc) refers to uart.o(i.UART_OutChar) for UART_OutChar
    lcd.o(i.lcdClearScreen) refers to lcd.o(i.lcdWriteCommand) for lcdWriteCommand
    lcd.o(i.lcdClearScreen) refers to pll.o(i.SysTick_Wait) for SysTick_Wait
    lcd.o(i.lcdENPulse) refers to pll.o(i.SysTick_Wait) for SysTick_Wait
    lcd.o(i.lcdGoto) refers to lcd.o(i.lcdWriteCommand) for lcdWriteCommand
    lcd.o(i.lcdGoto) refers to pll.o(i.SysTick_Wait) for SysTick_Wait
    lcd.o(i.lcdInit) refers to pll.o(i.PLL_Init) for PLL_Init
    lcd.o(i.lcdInit) refers to pll.o(i.SysTick_Init) for SysTick_Init
    lcd.o(i.lcdInit) refers to pll.o(i.SysTick_Wait) for SysTick_Wait
    lcd.o(i.lcdInit) refers to lcd.o(i.lcdENPulse) for lcdENPulse
    lcd.o(i.lcdWriteCommand) refers to pll.o(i.SysTick_Wait) for SysTick_Wait
    lcd.o(i.lcdWriteCommand) refers to lcd.o(i.lcdENPulse) for lcdENPulse
    lcd.o(i.lcdWriteData) refers to pll.o(i.SysTick_Wait) for SysTick_Wait
    lcd.o(i.lcdWriteData) refers to lcd.o(i.lcdENPulse) for lcdENPulse
    lcd.o(i.lcdWriteRamString) refers to lcd.o(i.lcdWriteData) for lcdWriteData
    lcd.o(i.lcdcommandInit) refers to lcd.o(i.lcdWriteCommand) for lcdWriteCommand
    lcd.o(i.lcdcommandInit) refers to pll.o(i.SysTick_Wait) for SysTick_Wait
    startup_tm4c123.o(RESET) refers to startup_tm4c123.o(STACK) for __initial_sp
    startup_tm4c123.o(RESET) refers to startup_tm4c123.o(.text) for Reset_Handler
[...]
    printf8.o(i.__0vprintf$8) refers to printf8.o(i._printf_core) for _printf_core
    printf8.o(i.__0vprintf$8) refers to uart.o(i.fputc) for fputc
    printf8.o(i.__0vprintf$8) refers to stdout.o(.data) for __stdout
    printf8.o(i.__0vsnprintf$8) refers to printf8.o(i._printf_core) for _printf_core
    printf8.o(i.__0vsnprintf$8) refers to printf8.o(i._snputc) for _snputc
    printf8.o(i.__0vsprintf$8) refers to printf8.o(i._printf_core) for _printf_core
    printf8.o(i.__0vsprintf$8) refers to printf8.o(i._sputc) for _sputc
    printf8.o(i._printf_core) refers to printf8.o(i._printf_pre_padding) for _printf_pre_padding
    printf8.o(i._printf_core) refers to uldiv.o(.text) for __aeabi_uldivmod
    printf8.o(i._printf_core) refers to printf8.o(i._printf_post_padding) for _printf_post_padding
    printfa.o(i.__0fprintf) refers (Special) to iusefp.o(.text) for __I$use$fp
    printfa.o(i.__0fprintf) refers to printfa.o(i._printf_core) for _printf_core
    printfa.o(i.__0fprintf) refers to uart.o(i.fputc) for fputc
    printfa.o(i.__0printf) refers (Special) to iusefp.o(.text) for __I$use$fp
    printfa.o(i.__0printf) refers to printfa.o(i._printf_core) for _printf_core
    printfa.o(i.__0printf) refers to uart.o(i.fputc) for fputc
    printfa.o(i.__0printf) refers to stdout.o(.data) for __stdout
    printfa.o(i.__0snprintf) refers (Special) to iusefp.o(.text) for __I$use$fp
    printfa.o(i.__0snprintf) refers to printfa.o(i._printf_core) for _printf_core
    printfa.o(i.__0snprintf) refers to printfa.o(i._snputc) for _snputc
    printfa.o(i.__0sprintf) refers (Special) to iusefp.o(.text) for __I$use$fp
    printfa.o(i.__0sprintf) refers to printfa.o(i._printf_core) for _printf_core
    printfa.o(i.__0sprintf) refers to printfa.o(i._sputc) for _sputc
    printfa.o(i.__0vfprintf) refers (Special) to iusefp.o(.text) for __I$use$fp
    printfa.o(i.__0vfprintf) refers to printfa.o(i._printf_core) for _printf_core
    printfa.o(i.__0vfprintf) refers to uart.o(i.fputc) for fputc
    printfa.o(i.__0vprintf) refers (Special) to iusefp.o(.text) for __I$use$fp
    printfa.o(i.__0vprintf) refers to printfa.o(i._printf_core) for _printf_core
    printfa.o(i.__0vprintf) refers to uart.o(i.fputc) for fputc
    printfa.o(i.__0vprintf) refers to stdout.o(.data) for __stdout
    printfa.o(i.__0vsnprintf) refers (Special) to iusefp.o(.text) for __I$use$fp
    printfa.o(i.__0vsnprintf) refers to printfa.o(i._printf_core) for _printf_core
    printfa.o(i.__0vsnprintf) refers to printfa.o(i._snputc) for _snputc
    printfa.o(i.__0vsprintf) refers (Special) to iusefp.o(.text) for __I$use$fp
    printfa.o(i.__0vsprintf) refers to printfa.o(i._printf_core) for _printf_core
    printfa.o(i.__0vsprintf) refers to printfa.o(i._sputc) for _sputc
    printfa.o(i._fp_digits) refers (Special) to iusefp.o(.text) for __I$use$fp
    printfa.o(i._fp_digits) refers to dmul.o(.text) for __aeabi_dmul
    printfa.o(i._fp_digits) refers to ddiv.o(.text) for __aeabi_ddiv
    printfa.o(i._fp_digits) refers to cdrcmple.o(.text) for __aeabi_cdrcmple
    printfa.o(i._fp_digits) refers to dadd.o(.text) for __aeabi_dadd
    printfa.o(i._fp_digits) refers to dfixul.o(.text) for __aeabi_d2ulz
    printfa.o(i._fp_digits) refers to uldiv.o(.text) for __aeabi_uldivmod
    printfa.o(i._printf_core) refers (Special) to iusefp.o(.text) for __I$use$fp
    printfa.o(i._printf_core) refers to printfa.o(i._printf_pre_padding) for _printf_pre_padding
    printfa.o(i._printf_core) refers to uldiv.o(.text) for __aeabi_uldivmod
    printfa.o(i._printf_core) refers to printfa.o(i._printf_post_padding) for _printf_post_padding
    printfa.o(i._printf_core) refers to printfa.o(i._fp_digits) for _fp_digits
    printfa.o(i._printf_core) refers to uidiv.o(.text) for __aeabi_uidivmod
    printfa.o(i._printf_post_padding) refers (Special) to iusefp.o(.text) for __I$use$fp
    printfa.o(i._printf_pre_padding) refers (Special) to iusefp.o(.text) for __I$use$fp
    printfa.o(i._snputc) refers (Special) to iusefp.o(.text) for __I$use$fp
    printfa.o(i._sputc) refers (Special) to iusefp.o(.text) for __I$use$fp
    atoi.o(.text) refers to errno.o(i.__aeabi_errno_addr) for __aeabi_errno_addr
    atoi.o(.text) refers to strtol.o(.text) for strtol
    f2d.o(.text) refers (Special) to iusefp.o(.text) for __I$use$fp
    d2f.o(.text) refers (Special) to iusefp.o(.text) for __I$use$fp
    d2f.o(.text) refers to fepilogue.o(.text) for _float_round
    cos_i.o(i.__kernel_cos) refers (Special) to iusefp.o(.text) for __I$use$fp
    cos_i.o(i.__kernel_cos) refers to dfixi.o(.text) for __aeabi_d2iz
    cos_i.o(i.__kernel_cos) refers to dmul.o(.text) for __aeabi_dmul
    cos_i.o(i.__kernel_cos) refers to poly.o(i.__kernel_poly) for __kernel_poly
    cos_i.o(i.__kernel_cos) refers to dadd.o(.text) for __aeabi_dsub
    cos_i.o(i.__kernel_cos) refers to cos_i.o(.constdata) for .constdata
    cos_i.o(.constdata) refers (Special) to iusefp.o(.text) for __I$use$fp
    dunder.o(i.__mathlib_dbl_divzero) refers to ddiv.o(.text) for __aeabi_ddiv
    dunder.o(i.__mathlib_dbl_infnan) refers to dadd.o(.text) for __aeabi_dadd
    dunder.o(i.__mathlib_dbl_infnan2) refers to dadd.o(.text) for __aeabi_dadd
    dunder.o(i.__mathlib_dbl_invalid) refers to ddiv.o(.text) for __aeabi_ddiv
    dunder.o(i.__mathlib_dbl_overflow) refers to dmul.o(.text) for __aeabi_dmul
    dunder.o(i.__mathlib_dbl_posinfnan) refers to dmul.o(.text) for __aeabi_dmul
    dunder.o(i.__mathlib_dbl_underflow) refers to dmul.o(.text) for __aeabi_dmul
    fabs.o(i.__hardfp_fabs) refers (Special) to iusefp.o(.text) for __I$use$fp
    fabs.o(i.__softfp_fabs) refers (Special) to iusefp.o(.text) for __I$use$fp
    fabs.o(i.fabs) refers (Special) to iusefp.o(.text) for __I$use$fp
    fpclassify.o(i.__ARM_fpclassify) refers (Special) to iusefp.o(.text) for __I$use$fp
    poly.o(i.__kernel_poly) refers (Special) to iusefp.o(.text) for __I$use$fp
    poly.o(i.__kernel_poly) refers to dmul.o(.text) for __aeabi_dmul
    poly.o(i.__kernel_poly) refers to dadd.o(.text) for __aeabi_dadd
    qnan.o(.constdata) refers (Special) to iusefp.o(.text) for __I$use$fp
    rred.o(i.__ieee754_rem_pio2) refers (Special) to iusefp.o(.text) for __I$use$fp
    rred.o(i.__ieee754_rem_pio2) refers to dadd.o(.text) for __aeabi_dsub
    rred.o(i.__ieee754_rem_pio2) refers to fabs.o(i.fabs) for fabs
    rred.o(i.__ieee754_rem_pio2) refers to dmul.o(.text) for __aeabi_dmul
    rred.o(i.__ieee754_rem_pio2) refers to dfixi.o(.text) for __aeabi_d2iz
    rred.o(i.__ieee754_rem_pio2) refers to dflti.o(.text) for __aeabi_i2d
    rred.o(i.__ieee754_rem_pio2) refers to dfltui.o(.text) for __aeabi_ui2d
    rred.o(i.__ieee754_rem_pio2) refers to rred.o(.constdata) for .constdata
    rred.o(i.__use_accurate_range_reduction) refers (Special) to iusefp.o(.text) for __I$use$fp
    rred.o(.constdata) refers (Special) to iusefp.o(.text) for __I$use$fp
    sin_i.o(i.__kernel_sin) refers (Special) to iusefp.o(.text) for __I$use$fp
    sin_i.o(i.__kernel_sin) refers to fpclassify.o(i.__ARM_fpclassify) for __ARM_fpclassify
    sin_i.o(i.__kernel_sin) refers to dunder.o(i.__mathlib_dbl_underflow) for __mathlib_dbl_underflow
    sin_i.o(i.__kernel_sin) refers to dmul.o(.text) for __aeabi_dmul
    sin_i.o(i.__kernel_sin) refers to poly.o(i.__kernel_poly) for __kernel_poly
    sin_i.o(i.__kernel_sin) refers to dadd.o(.text) for __aeabi_dsub
    sin_i.o(i.__kernel_sin) refers to sin_i.o(.constdata) for .constdata
    sin_i.o(.constdata) refers (Special) to iusefp.o(.text) for __I$use$fp
    sin_i_x.o(i.____kernel_sin$lsc) refers (Special) to iusefp.o(.text) for __I$use$fp
    sin_i_x.o(i.____kernel_sin$lsc) refers to dmul.o(.text) for __aeabi_dmul
    sin_i_x.o(i.____kernel_sin$lsc) refers to poly.o(i.__kernel_poly) for __kernel_poly
    sin_i_x.o(i.____kernel_sin$lsc) refers to dadd.o(.text) for __aeabi_dsub
    sin_i_x.o(i.____kernel_sin$lsc) refers to sin_i_x.o(.constdata) for .constdata
    sin_i_x.o(.constdata) refers (Special) to iusefp.o(.text) for __I$use$fp
    tan_i.o(i.__kernel_tan) refers (Special) to iusefp.o(.text) for __I$use$fp
    tan_i.o(i.__kernel_tan) refers to dfixi.o(.text) for __aeabi_d2iz
    tan_i.o(i.__kernel_tan) refers to dadd.o(.text) for __aeabi_drsub
    tan_i.o(i.__kernel_tan) refers to dmul.o(.text) for __aeabi_dmul
    tan_i.o(i.__kernel_tan) refers to poly.o(i.__kernel_poly) for __kernel_poly
    tan_i.o(i.__kernel_tan) refers to dflti.o(.text) for __aeabi_i2d
    tan_i.o(i.__kernel_tan) refers to ddiv.o(.text) for __aeabi_ddiv
    tan_i.o(i.__kernel_tan) refers to fabs.o(i.fabs) for fabs
    tan_i.o(i.__kernel_tan) refers to fpclassify.o(i.__ARM_fpclassify) for __ARM_fpclassify
    tan_i.o(i.__kernel_tan) refers to dunder.o(i.__mathlib_dbl_underflow) for __mathlib_dbl_underflow
    tan_i.o(i.__kernel_tan) refers to tan_i.o(.constdata) for .constdata
    tan_i.o(.constdata) refers (Special) to iusefp.o(.text) for __I$use$fp
    tan_i_x.o(i.____kernel_tan$lsc) refers (Special) to iusefp.o(.text) for __I$use$fp
    tan_i_x.o(i.____kernel_tan$lsc) refers to dfixi.o(.text) for __aeabi_d2iz
    tan_i_x.o(i.____kernel_tan$lsc) refers to dadd.o(.text) for __aeabi_drsub
    tan_i_x.o(i.____kernel_tan$lsc) refers to dmul.o(.text) for __aeabi_dmul
    tan_i_x.o(i.____kernel_tan$lsc) refers to poly.o(i.__kernel_poly) for __kernel_poly
    tan_i_x.o(i.____kernel_tan$lsc) refers to dflti.o(.text) for __aeabi_i2d
    tan_i_x.o(i.____kernel_tan$lsc) refers to ddiv.o(.text) for __aeabi_ddiv
    tan_i_x.o(i.____kernel_tan$lsc) refers to fabs.o(i.fabs) for fabs
    tan_i_x.o(i.____kernel_tan$lsc) refers to tan_i_x.o(.constdata) for .constdata
    tan_i_x.o(.constdata) refers (Special) to iusefp.o(.text) for __I$use$fp
    entry2.o(.ARM.Collect$$$$00000001) refers to entry2.o(.ARM.Collect$$$$00002712) for __lit__00000000
    entry2.o(.ARM.Collect$$$$00002712) refers to startup_tm4c123.o(STACK) for __initial_sp
    entry2.o(__vectab_stack_and_reset_area) refers to startup_tm4c123.o(STACK) for __initial_sp
    entry2.o(__vectab_stack_and_reset_area) refers to entry.o(.ARM.Collect$$$$00000000) for __main
    entry5.o(.ARM.Collect$$$$00000004) refers to init.o(.text) for __scatterload
    entry9a.o(.ARM.Collect$$$$0000000B) refers to main.o(i.main) for main
    entry9b.o(.ARM.Collect$$$$0000000C) refers to main.o(i.main) for main
    uldiv.o(.text) refers to llushr.o(.text) for __aeabi_llsr
    uldiv.o(.text) refers to llshl.o(.text) for __aeabi_llsl
    errno.o(i.__aeabi_errno_addr) refers to errno.o(.data) for .data
    errno.o(i.__read_errno) refers to errno.o(.data) for .data
    errno.o(i.__set_errno) refers to errno.o(.data) for .data
    strtod.o(.text) refers to scanf_fp.o(.text) for _scanf_real
    strtod.o(.text) refers to _sgetc.o(.text) for _sgetc
    strtod.o(.text) refers to isspace_o.o(.text) for isspace
    strtol.o(.text) refers to ctype_o.o(.text) for __rt_ctype_table
    strtol.o(.text) refers to _strtoul.o(.text) for _strtoul
    strtol.o(.text) refers to errno.o(i.__aeabi_errno_addr) for __aeabi_errno_addr
    dadd.o(.text) refers to llshl.o(.text) for __aeabi_llsl
    dadd.o(.text) refers to llsshr.o(.text) for __aeabi_lasr
    dadd.o(.text) refers to depilogue.o(.text) for _double_epilogue
    dmul.o(.text) refers to depilogue.o(.text) for _double_epilogue
    ddiv.o(.text) refers to depilogue.o(.text) for _double_round
    dsqrt.o(.text) refers to llushr.o(.text) for __aeabi_llsr
    dsqrt.o(.text) refers to depilogue.o(.text) for _double_round
    dflti.o(.text) refers to depilogue.o(.text) for _double_epilogue
    dfixul.o(.text) refers to llushr.o(.text) for __aeabi_llsr
    dfixul.o(.text) refers to llshl.o(.text) for __aeabi_llsl
    init.o(.text) refers to entry5.o(.ARM.Collect$$$$00000004) for __main_after_scatterload
    isspace_c.o(.text) refers to ctype_c.o(.text) for __ctype_lookup
    ctype_o.o(.text) refers to ctype_o.o(.constdata) for .constdata
    ctype_o.o(.constdata) refers to ctype_o.o(.constdata) for __ctype_table
    isalnum_o.o(.text) refers to ctype_o.o(.text) for __rt_ctype_table
    isalpha_o.o(.text) refers to ctype_o.o(.text) for __rt_ctype_table
    isblank_o.o(.text) refers to ctype_o.o(.constdata) for __ctype_table
    iscntrl_o.o(.text) refers to ctype_o.o(.text) for __rt_ctype_table
    isdigit_o.o(.text) refers to ctype_o.o(.text) for __rt_ctype_table
    isgraph_o.o(.text) refers to ctype_o.o(.text) for __rt_ctype_table
    islower_o.o(.text) refers to ctype_o.o(.text) for __rt_ctype_table
    isprint_o.o(.text) refers to ctype_o.o(.text) for __rt_ctype_table
    ispunct_o.o(.text) refers to ctype_o.o(.text) for __rt_ctype_table
    isspace_o.o(.text) refers to ctype_o.o(.text) for __rt_ctype_table
    isupper_o.o(.text) refers to ctype_o.o(.text) for __rt_ctype_table
    isxdigit_o.o(.text) refers to ctype_o.o(.text) for __rt_ctype_table
    scanf_fp.o(.text) refers (Special) to iusefp.o(.text) for __I$use$fp
    scanf_fp.o(.text) refers to dfltul.o(.text) for __aeabi_ul2d
    scanf_fp.o(.text) refers to dmul.o(.text) for __aeabi_dmul
    scanf_fp.o(.text) refers to ddiv.o(.text) for __aeabi_ddiv
    scanf_fp.o(.text) refers to scanf_fp.o(i._is_digit) for _is_digit
    scanf_fp.o(.text) refers to d2f.o(.text) for __aeabi_d2f
    _strtoul.o(.text) refers to _chval.o(.text) for _chval
    _strtoul.o(.text) refers to errno.o(i.__aeabi_errno_addr) for __aeabi_errno_addr
    depilogue.o(.text) refers to llshl.o(.text) for __aeabi_llsl
    depilogue.o(.text) refers to llushr.o(.text) for __aeabi_llsr
    dfltui.o(.text) refers to depilogue.o(.text) for _double_epilogue
    dfixi.o(.text) refers to llushr.o(.text) for __aeabi_llsr
    ctype_c.o(.text) refers to ctype_c.o(.constdata) for .constdata
    dfltul.o(.text) refers to depilogue.o(.text) for _double_epilogue
    scanf_fp.o(i._is_digit) refers (Special) to iusefp.o(.text) for __I$use$fp


==============================================================================

Removing Unused input sections from the image.

    Removing uart.o(i.UART_InChar), (28 bytes).
    Removing uart.o(i.UART_Init), (140 bytes).
    Removing uart.o(i.UART_OutChar), (24 bytes).
    Removing uart.o(i.ferror), (8 bytes).
    Removing uart.o(i.fgetc), (20 bytes).
    Removing uart.o(i.fputc), (44 bytes).
    Removing startup_tm4c123.o(HEAP), (0 bytes).
    Removing system_tm4c123.o(.rev16_text), (4 bytes).
    Removing system_tm4c123.o(.revsh_text), (4 bytes).
    Removing system_tm4c123.o(.rrx_text), (6 bytes).
    Removing system_tm4c123.o(i.SystemCoreClockUpdate), (196 bytes).
    Removing system_tm4c123.o(i.getOscClk), (244 bytes).
    Removing system_tm4c123.o(.data), (4 bytes).
    Removing dneg.o(.text), (6 bytes).

14 unused section(s) (total 728 bytes) removed from the image.

==============================================================================

Image Symbol Table

    Local Symbols

    Symbol Name                              Value     Ov Type        Size  Object(Section)

    RESET                                    0x00000000   Section      620  startup_tm4c123.o(RESET)
    ../clib/microlib/ctype/ctype.c           0x00000000   Number         0  isupper_o.o ABSOLUTE
    ../clib/microlib/ctype/ctype.c           0x00000000   Number         0  isspace_o.o ABSOLUTE
    ../clib/microlib/ctype/ctype.c           0x00000000   Number         0  ispunct_o.o ABSOLUTE
    ../clib/microlib/ctype/ctype.c           0x00000000   Number         0  isprint_o.o ABSOLUTE
    ../clib/microlib/ctype/ctype.c           0x00000000   Number         0  islower_o.o ABSOLUTE
    ../clib/microlib/ctype/ctype.c           0x00000000   Number         0  isgraph_o.o ABSOLUTE
    ../clib/microlib/ctype/ctype.c           0x00000000   Number         0  isdigit_o.o ABSOLUTE
    ../clib/microlib/ctype/ctype.c           0x00000000   Number         0  isblank_o.o ABSOLUTE
    ../clib/microlib/ctype/ctype.c           0x00000000   Number         0  isalpha_o.o ABSOLUTE
    ../clib/microlib/ctype/ctype.c           0x00000000   Number         0  isalnum_o.o ABSOLUTE
    ../clib/microlib/ctype/ctype.c           0x00000000   Number         0  ctype_o.o ABSOLUTE
    ../clib/microlib/ctype/ctype.c           0x00000000   Number         0  isspace_c.o ABSOLUTE
    ../clib/microlib/ctype/ctype.c           0x00000000   Number         0  iscntrl_o.o ABSOLUTE
    ../clib/microlib/ctype/ctype.c           0x00000000   Number         0  ctype_c.o ABSOLUTE
    ../clib/microlib/ctype/ctype.c           0x00000000   Number         0  isxdigit_o.o ABSOLUTE
    ../clib/microlib/division.c              0x00000000   Number         0  uldiv.o ABSOLUTE
    ../clib/microlib/division.c              0x00000000   Number         0  uidiv.o ABSOLUTE
    ../clib/microlib/errno.c                 0x00000000   Number         0  errno.o ABSOLUTE
    ../clib/microlib/init/entry.s            0x00000000   Number         0  entry.o ABSOLUTE
    ../clib/microlib/init/entry.s            0x00000000   Number         0  entry5.o ABSOLUTE
    ../clib/microlib/init/entry.s            0x00000000   Number         0  entry2.o ABSOLUTE
    ../clib/microlib/init/entry.s            0x00000000   Number         0  entry9b.o ABSOLUTE
    ../clib/microlib/init/entry.s            0x00000000   Number         0  entry8a.o ABSOLUTE
    ../clib/microlib/init/entry.s            0x00000000   Number         0  entry11b.o ABSOLUTE
    ../clib/microlib/init/entry.s            0x00000000   Number         0  entry11a.o ABSOLUTE
    ../clib/microlib/init/entry.s            0x00000000   Number         0  entry10b.o ABSOLUTE
    ../clib/microlib/init/entry.s            0x00000000   Number         0  entry10a.o ABSOLUTE
    ../clib/microlib/init/entry.s            0x00000000   Number         0  entry9a.o ABSOLUTE
    ../clib/microlib/init/entry.s            0x00000000   Number         0  entry8b.o ABSOLUTE
    ../clib/microlib/init/entry.s            0x00000000   Number         0  entry7b.o ABSOLUTE
    ../clib/microlib/init/entry.s            0x00000000   Number         0  entry7a.o ABSOLUTE
    ../clib/microlib/longlong.c              0x00000000   Number         0  llsshr.o ABSOLUTE
    ../clib/microlib/longlong.c              0x00000000   Number         0  llushr.o ABSOLUTE
    ../clib/microlib/longlong.c              0x00000000   Number         0  llshl.o ABSOLUTE
    ../clib/microlib/printf/printf.c         0x00000000   Number         0  printfb.o ABSOLUTE
    ../clib/microlib/printf/printf.c         0x00000000   Number         0  printf0.o ABSOLUTE
    ../clib/microlib/printf/printf.c         0x00000000   Number         0  printf1.o ABSOLUTE
    ../clib/microlib/printf/printf.c         0x00000000   Number         0  printf2.o ABSOLUTE
    ../clib/microlib/printf/printf.c         0x00000000   Number         0  printf3.o ABSOLUTE
    ../clib/microlib/printf/printf.c         0x00000000   Number         0  printf4.o ABSOLUTE
    ../clib/microlib/printf/printf.c         0x00000000   Number         0  printf5.o ABSOLUTE
    ../clib/microlib/printf/printf.c         0x00000000   Number         0  printf7.o ABSOLUTE
    ../clib/microlib/printf/printf.c         0x00000000   Number         0  printfa.o ABSOLUTE
    ../clib/microlib/printf/printf.c         0x00000000   Number         0  printf6.o ABSOLUTE
    ../clib/microlib/printf/printf.c         0x00000000   Number         0  printf8.o ABSOLUTE
    ../clib/microlib/printf/stubs.s          0x00000000   Number         0  stubs.o ABSOLUTE
    ../clib/microlib/stdio/streams.c         0x00000000   Number         0  stdout.o ABSOLUTE
    ../clib/microlib/string/memset.c         0x00000000   Number         0  memseta.o ABSOLUTE
    ../clib/microlib/string/strcat.c         0x00000000   Number         0  strcat.o ABSOLUTE
    ../clib/microlib/string/strcpy.c         0x00000000   Number         0  strcpy.o ABSOLUTE
    ../clib/microlib/string/strlen.c         0x00000000   Number         0  strlen.o ABSOLUTE
    ../clib/microlib/stubs.s                 0x00000000   Number         0  iusefp.o ABSOLUTE
    ../clib/scanf.c                          0x00000000   Number         0  strtod.o ABSOLUTE
    ../clib/scanf.c                          0x00000000   Number         0  atoi.o ABSOLUTE
    ../clib/scanf.c                          0x00000000   Number         0  _chval.o ABSOLUTE
    ../clib/scanf.c                          0x00000000   Number         0  strtol.o ABSOLUTE
    ../clib/scanf.c                          0x00000000   Number         0  _strtoul.o ABSOLUTE
    ../clib/scanf.c                          0x00000000   Number         0  _sgetc.o ABSOLUTE
    ../clib/scanf.c                          0x00000000   Number         0  scanf_fp.o ABSOLUTE
    ../fplib/microlib/d2f.c                  0x00000000   Number         0  d2f.o ABSOLUTE
    ../fplib/microlib/f2d.c                  0x00000000   Number         0  f2d.o ABSOLUTE
    ../fplib/microlib/fpadd.c                0x00000000   Number         0  dadd.o ABSOLUTE
    ../fplib/microlib/fpdiv.c                0x00000000   Number         0  ddiv.o ABSOLUTE
    ../fplib/microlib/fpepilogue.c           0x00000000   Number         0  fepilogue.o ABSOLUTE
    ../fplib/microlib/fpepilogue.c           0x00000000   Number         0  depilogue.o ABSOLUTE
    ../fplib/microlib/fpfix.c                0x00000000   Number         0  dfixi.o ABSOLUTE
    ../fplib/microlib/fpfix.c                0x00000000   Number         0  dfixul.o ABSOLUTE
    ../fplib/microlib/fpflt.c                0x00000000   Number         0  dfltul.o ABSOLUTE
    ../fplib/microlib/fpflt.c                0x00000000   Number         0  dflti.o ABSOLUTE
    ../fplib/microlib/fpflt.c                0x00000000   Number         0  dfltui.o ABSOLUTE
    ../fplib/microlib/fpmul.c                0x00000000   Number         0  dmul.o ABSOLUTE
    ../fplib/microlib/fpneg.c                0x00000000   Number         0  dneg.o ABSOLUTE
    ../fplib/microlib/fpsqrt.c               0x00000000   Number         0  dsqrt.o ABSOLUTE
    ../mathlib/acos.c                        0x00000000   Number         0  acos_x.o ABSOLUTE
    ../mathlib/acos.c                        0x00000000   Number         0  acos.o ABSOLUTE
    ../mathlib/asin.c                        0x00000000   Number         0  asin.o ABSOLUTE
    ../mathlib/asin.c                        0x00000000   Number         0  asin_x.o ABSOLUTE
    ../mathlib/atan.c                        0x00000000   Number         0  atan.o ABSOLUTE
    ../mathlib/atan.c                        0x00000000   Number         0  atan_x.o ABSOLUTE
    ../mathlib/atof.c                        0x00000000   Number         0  atof.o ABSOLUTE
    ../mathlib/cos.c                         0x00000000   Number         0  cos_x.o ABSOLUTE
    ../mathlib/cos.c                         0x00000000   Number         0  cos.o ABSOLUTE
    ../mathlib/cos_i.c                       0x00000000   Number         0  cos_i.o ABSOLUTE
    ../mathlib/dunder.c                      0x00000000   Number         0  dunder.o ABSOLUTE
    ../mathlib/fabs.c                        0x00000000   Number         0  fabs.o ABSOLUTE
    ../mathlib/fpclassify.c                  0x00000000   Number         0  fpclassify.o ABSOLUTE
    ../mathlib/log.c                         0x00000000   Number         0  log_x.o ABSOLUTE
    ../mathlib/log.c                         0x00000000   Number         0  log.o ABSOLUTE
    ../mathlib/log10.c                       0x00000000   Number         0  log10_x.o ABSOLUTE
    ../mathlib/log10.c                       0x00000000   Number         0  log10.o ABSOLUTE
    ../mathlib/poly.c                        0x00000000   Number         0  poly.o ABSOLUTE
    ../mathlib/qnan.c                        0x00000000   Number         0  qnan.o ABSOLUTE
    ../mathlib/rred.c                        0x00000000   Number         0  rred.o ABSOLUTE
    ../mathlib/sin.c                         0x00000000   Number         0  sin.o ABSOLUTE
    ../mathlib/sin.c                         0x00000000   Number         0  sin_x.o ABSOLUTE
    ../mathlib/sin_i.c                       0x00000000   Number         0  sin_i_x.o ABSOLUTE
    ../mathlib/sin_i.c                       0x00000000   Number         0  sin_i.o ABSOLUTE
    ../mathlib/sqrt.c                        0x00000000   Number         0  sqrt.o ABSOLUTE
    ../mathlib/sqrt.c                        0x00000000   Number         0  sqrt_x.o ABSOLUTE
    ../mathlib/tan.c                         0x00000000   Number         0  tan.o ABSOLUTE
    ../mathlib/tan.c                         0x00000000   Number         0  tan_x.o ABSOLUTE
    ../mathlib/tan_i.c                       0x00000000   Number         0  tan_i_x.o ABSOLUTE
    ../mathlib/tan_i.c                       0x00000000   Number         0  tan_i.o ABSOLUTE
    Keypad.c                                 0x00000000   Number         0  keypad.o ABSOLUTE
    LCD.c                                    0x00000000   Number         0  lcd.o ABSOLUTE
    PLL.c                                    0x00000000   Number         0  pll.o ABSOLUTE
    RTE\Device\TM4C123GH6PM\startup_TM4C123.s 0x00000000   Number         0  startup_tm4c123.o ABSOLUTE
    RTE\Device\TM4C123GH6PM\system_TM4C123.c 0x00000000   Number         0  system_tm4c123.o ABSOLUTE
    RTE\\Device\\TM4C123GH6PM\\system_TM4C123.c 0x00000000   Number         0  system_tm4c123.o ABSOLUTE
    UART.c                                   0x00000000   Number         0  uart.o ABSOLUTE
    cdcmple.s                                0x00000000   Number         0  cdcmple.o ABSOLUTE
    cdrcmple.s                               0x00000000   Number         0  cdrcmple.o ABSOLUTE
    dc.s                                     0x00000000   Number         0  dc.o ABSOLUTE
    handlers.s                               0x00000000   Number         0  handlers.o ABSOLUTE
    init.s                                   0x00000000   Number         0  init.o ABSOLUTE
    main.c                                   0x00000000   Number         0  main.o ABSOLUTE
    .ARM.Collect$$$$00000000                 0x0000026c   Section        0  entry.o(.ARM.Collect$$$$00000000)
    .ARM.Collect$$$$00000001                 0x0000026c   Section        4  entry2.o(.ARM.Collect$$$$00000001)
    .ARM.Collect$$$$00000004                 0x00000270   Section        4  entry5.o(.ARM.Collect$$$$00000004)
    .ARM.Collect$$$$00000008                 0x00000274   Section        0  entry7b.o(.ARM.Collect$$$$00000008)
    .ARM.Collect$$$$0000000A                 0x00000274   Section        0  entry8b.o(.ARM.Collect$$$$0000000A)
    .ARM.Collect$$$$0000000B                 0x00000274   Section        8  entry9a.o(.ARM.Collect$$$$0000000B)
    .ARM.Collect$$$$0000000D                 0x0000027c   Section        0  entry10a.o(.ARM.Collect$$$$0000000D)
    .ARM.Collect$$$$0000000F                 0x0000027c   Section        0  entry11a.o(.ARM.Collect$$$$0000000F)
    .ARM.Collect$$$$00002712                 0x0000027c   Section        4  entry2.o(.ARM.Collect$$$$00002712)
    __lit__00000000                          0x0000027c   Data           4  entry2.o(.ARM.Collect$$$$00002712)
    .text                                    0x00000280   Section      252  startup_tm4c123.o(.text)
    $v0                                      0x00000280   Number         0  startup_tm4c123.o(.text)
    .text                                    0x0000037c   Section        0  memseta.o(.text)
    .text                                    0x000003a0   Section        0  strcat.o(.text)
    .text                                    0x000003b8   Section        0  strlen.o(.text)
    .text                                    0x000003c6   Section        0  strcpy.o(.text)
    .text                                    0x000003d8   Section        0  atoi.o(.text)
    .text                                    0x000003f2   Section        0  f2d.o(.text)
    .text                                    0x00000418   Section        0  d2f.o(.text)
    .text                                    0x00000450   Section        0  uidiv.o(.text)
    .text                                    0x0000047c   Section        0  uldiv.o(.text)
    .text                                    0x000004e0   Section        0  strtod.o(.text)
    _local_sscanf                            0x000004e1   Thumb Code    54  strtod.o(.text)
    .text                                    0x0000057c   Section        0  strtol.o(.text)
    .text                                    0x000005ec   Section        0  iusefp.o(.text)
    .text                                    0x000005ec   Section        0  fepilogue.o(.text)
    .text                                    0x0000065a   Section        0  dadd.o(.text)
    .text                                    0x000007a8   Section        0  dmul.o(.text)
    .text                                    0x0000088c   Section        0  ddiv.o(.text)
    .text                                    0x0000096a   Section        0  dsqrt.o(.text)
    .text                                    0x00000a0c   Section        0  dflti.o(.text)
    .text                                    0x00000a2e   Section        0  dfixul.o(.text)
    .text                                    0x00000a60   Section       48  cdcmple.o(.text)
    .text                                    0x00000a90   Section       48  cdrcmple.o(.text)
    .text                                    0x00000ac0   Section       36  init.o(.text)
    .text                                    0x00000ae4   Section        0  llshl.o(.text)
    .text                                    0x00000b02   Section        0  llushr.o(.text)
    .text                                    0x00000b22   Section        0  llsshr.o(.text)
    .text                                    0x00000b48   Section        0  ctype_o.o(.text)
    .text                                    0x00000b50   Section        0  isspace_o.o(.text)
    .text                                    0x00000b64   Section        0  scanf_fp.o(.text)
    _fp_value                                0x00000b65   Thumb Code   296  scanf_fp.o(.text)
    .text                                    0x00000ec4   Section        0  _sgetc.o(.text)
    .text                                    0x00000f04   Section        0  _strtoul.o(.text)
    .text                                    0x00000fa2   Section        0  depilogue.o(.text)
    .text                                    0x0000105c   Section        0  dfltui.o(.text)
    .text                                    0x00001076   Section        0  dfixi.o(.text)
    .text                                    0x000010b4   Section        0  _chval.o(.text)
    .text                                    0x000010d0   Section        0  dfltul.o(.text)
    i.Init                                   0x000010e8   Section        0  main.o(i.Init)
    i.PLL_Init                               0x000010fc   Section        0  pll.o(i.PLL_Init)
    i.PortInit                               0x0000116c   Section        0  lcd.o(i.PortInit)
    i.SysTick_Init                           0x00001240   Section        0  pll.o(i.SysTick_Init)
    i.SysTick_Wait                           0x00001258   Section        0  pll.o(i.SysTick_Wait)
    i.SystemInit                             0x00001278   Section        0  system_tm4c123.o(i.SystemInit)
    i.__0sprintf                             0x00001310   Section        0  printfa.o(i.__0sprintf)
    i.__ARM_fpclassify                       0x00001338   Section        0  fpclassify.o(i.__ARM_fpclassify)
    i.__aeabi_errno_addr                     0x00001368   Section        0  errno.o(i.__aeabi_errno_addr)
    i.__hardfp_acos                          0x00001370   Section        0  acos.o(i.__hardfp_acos)
    i.__hardfp_asin                          0x000016c8   Section        0  asin.o(i.__hardfp_asin)
    i.__hardfp_atan                          0x00001a28   Section        0  atan.o(i.__hardfp_atan)
    i.__hardfp_atof                          0x00001d00   Section        0  atof.o(i.__hardfp_atof)
    i.__hardfp_cos                           0x00001d38   Section        0  cos.o(i.__hardfp_cos)
    i.__hardfp_log                           0x00001e00   Section        0  log.o(i.__hardfp_log)
    i.__hardfp_log10                         0x000021c8   Section        0  log10.o(i.__hardfp_log10)
    i.__hardfp_sin                           0x000022f8   Section        0  sin.o(i.__hardfp_sin)
    i.__hardfp_sqrt                          0x000023c0   Section        0  sqrt.o(i.__hardfp_sqrt)
    i.__hardfp_tan                           0x00002440   Section        0  tan.o(i.__hardfp_tan)
    i.__ieee754_rem_pio2                     0x000024c0   Section        0  rred.o(i.__ieee754_rem_pio2)
    i.__kernel_cos                           0x000028f8   Section        0  cos_i.o(i.__kernel_cos)
    i.__kernel_poly                          0x00002a68   Section        0  poly.o(i.__kernel_poly)
    i.__kernel_sin                           0x00002b60   Section        0  sin_i.o(i.__kernel_sin)
    i.__kernel_tan                           0x00002c90   Section        0  tan_i.o(i.__kernel_tan)
    i.__mathlib_dbl_divzero                  0x00002fe0   Section        0  dunder.o(i.__mathlib_dbl_divzero)
    i.__mathlib_dbl_infnan                   0x00003010   Section        0  dunder.o(i.__mathlib_dbl_infnan)
    i.__mathlib_dbl_invalid                  0x00003028   Section        0  dunder.o(i.__mathlib_dbl_invalid)
    i.__mathlib_dbl_underflow                0x00003048   Section        0  dunder.o(i.__mathlib_dbl_underflow)
    i.__read_errno                           0x00003068   Section        0  errno.o(i.__read_errno)
    i.__scatterload_copy                     0x00003074   Section       14  handlers.o(i.__scatterload_copy)
    i.__scatterload_null                     0x00003082   Section        2  handlers.o(i.__scatterload_null)
    i.__scatterload_zeroinit                 0x00003084   Section       14  handlers.o(i.__scatterload_zeroinit)
    i.__set_errno                            0x00003094   Section        0  errno.o(i.__set_errno)
    i._fp_digits                             0x000030a0   Section        0  printfa.o(i._fp_digits)
    _fp_digits                               0x000030a1   Thumb Code   366  printfa.o(i._fp_digits)
    i._is_digit                              0x00003224   Section        0  scanf_fp.o(i._is_digit)
    i._printf_core                           0x00003234   Section        0  printfa.o(i._printf_core)
    _printf_core                             0x00003235   Thumb Code  1744  printfa.o(i._printf_core)
    i._printf_post_padding                   0x00003910   Section        0  printfa.o(i._printf_post_padding)
    _printf_post_padding                     0x00003911   Thumb Code    36  printfa.o(i._printf_post_padding)
    i._printf_pre_padding                    0x00003934   Section        0  printfa.o(i._printf_pre_padding)
    _printf_pre_padding                      0x00003935   Thumb Code    46  printfa.o(i._printf_pre_padding)
    i._sputc                                 0x00003962   Section        0  printfa.o(i._sputc)
    _sputc                                   0x00003963   Thumb Code    10  printfa.o(i._sputc)
    i.fabs                                   0x0000396c   Section        0  fabs.o(i.fabs)
    i.keypadInit                             0x00003984   Section        0  keypad.o(i.keypadInit)
    i.lcdClearScreen                         0x00003a7c   Section        0  lcd.o(i.lcdClearScreen)
    i.lcdENPulse                             0x00003aa8   Section        0  lcd.o(i.lcdENPulse)
    i.lcdGoto                                0x00003ad4   Section        0  lcd.o(i.lcdGoto)
    i.lcdInit                                0x00003aec   Section        0  lcd.o(i.lcdInit)
    i.lcdWriteCommand                        0x00003b78   Section        0  lcd.o(i.lcdWriteCommand)
    i.lcdWriteData                           0x00003bc8   Section        0  lcd.o(i.lcdWriteData)
    i.lcdWriteRamString                      0x00003c20   Section        0  lcd.o(i.lcdWriteRamString)
    i.lcdcommandInit                         0x00003c38   Section        0  lcd.o(i.lcdcommandInit)
    i.log                                    0x00003c88   Section        0  log.o(i.log)
    i.longDelay                              0x00003c98   Section        0  main.o(i.longDelay)
    i.main                                   0x00003cb8   Section        0  main.o(i.main)
    i.password                               0x00003ed4   Section        0  main.o(i.password)
    i.performCalculation                     0x00004024   Section        0  main.o(i.performCalculation)
    i.readKeypad                             0x0000578c   Section        0  keypad.o(i.readKeypad)
    i.returnNumber                           0x00005894   Section        0  main.o(i.returnNumber)
    i.sqrt                                   0x000059a8   Section        0  sqrt.o(i.sqrt)
    .constdata                               0x00005a18   Section       80  acos.o(.constdata)
    pS                                       0x00005a18   Data          48  acos.o(.constdata)
    qS                                       0x00005a48   Data          32  acos.o(.constdata)
    .constdata                               0x00005a68   Section       80  asin.o(.constdata)
    pS                                       0x00005a68   Data          48  asin.o(.constdata)
    qS                                       0x00005a98   Data          32  asin.o(.constdata)
    .constdata                               0x00005ab8   Section      152  atan.o(.constdata)
    atanhi                                   0x00005ab8   Data          32  atan.o(.constdata)
    atanlo                                   0x00005ad8   Data          32  atan.o(.constdata)
    aTodd                                    0x00005af8   Data          40  atan.o(.constdata)
    aTeven                                   0x00005b20   Data          48  atan.o(.constdata)
    .constdata                               0x00005b50   Section       56  log.o(.constdata)
    Lg2                                      0x00005b50   Data          24  log.o(.constdata)
    Lg                                       0x00005b68   Data          32  log.o(.constdata)
    .constdata                               0x00005b88   Section       48  cos_i.o(.constdata)
    C                                        0x00005b88   Data          48  cos_i.o(.constdata)
    .constdata                               0x00005bb8   Section        8  qnan.o(.constdata)
    .constdata                               0x00005bc0   Section      200  rred.o(.constdata)
    pio2s                                    0x00005bc0   Data          48  rred.o(.constdata)
    twooverpi                                0x00005bf0   Data         152  rred.o(.constdata)
    .constdata                               0x00005c88   Section       40  sin_i.o(.constdata)
    S                                        0x00005c88   Data          40  sin_i.o(.constdata)
    .constdata                               0x00005cb0   Section       96  tan_i.o(.constdata)
    Todd                                     0x00005cb0   Data          48  tan_i.o(.constdata)
    Teven                                    0x00005ce0   Data          48  tan_i.o(.constdata)
    .constdata                               0x00005d10   Section      129  ctype_o.o(.constdata)
    .constdata                               0x00005d94   Section        4  ctype_o.o(.constdata)
    table                                    0x00005d94   Data           4  ctype_o.o(.constdata)
    .data                                    0x20000000   Section       92  main.o(.data)
    .data                                    0x2000005c   Section        4  errno.o(.data)
    _errno                                   0x2000005c   Data           4  errno.o(.data)
    .bss                                     0x20000060   Section      480  main.o(.bss)
    STACK                                    0x20000240   Section      512  startup_tm4c123.o(STACK)

    Global Symbols

    Symbol Name                              Value     Ov Type        Size  Object(Section)

    BuildAttributes$$THM_ISAv4$E$P$D$K$B$S$7EM$VFPi3$EXTD16$VFPS$VFMA$PE$A:L22UL41UL21$X:L11$S22US41US21$IEEE1$IW$USESV6$~STKCKD$USESV7$~SHL$OTIME$ROPI$IEEEX$EBA8$MICROLIB$REQ8$PRES8$EABIv2 0x00000000   Number         0  anon$$obj.o ABSOLUTE
    __ARM_use_no_argv                        0x00000000   Number         0  main.o ABSOLUTE
    __Vectors                                0x00000000   Data           4  startup_tm4c123.o(RESET)
    _printf_a                                0x00000000   Number         0  stubs.o ABSOLUTE
    _printf_c                                0x00000000   Number         0  stubs.o ABSOLUTE
    _printf_charcount                        0x00000000   Number         0  stubs.o ABSOLUTE
    _printf_d                                0x00000000   Number         0  stubs.o ABSOLUTE
    _printf_e                                0x00000000   Number         0  stubs.o ABSOLUTE
    _printf_f                                0x00000000   Number         0  stubs.o ABSOLUTE
    _printf_flags                            0x00000000   Number         0  stubs.o ABSOLUTE
    _printf_fp_dec                           0x00000000   Number         0  stubs.o ABSOLUTE
    _printf_fp_hex                           0x00000000   Number         0  stubs.o ABSOLUTE
    _printf_g                                0x00000000   Number         0  stubs.o ABSOLUTE
    _printf_i                                0x00000000   Number         0  stubs.o ABSOLUTE
    _printf_int_dec                          0x00000000   Number         0  stubs.o ABSOLUTE
    _printf_l                                0x00000000   Number         0  stubs.o ABSOLUTE
    _printf_lc                               0x00000000   Number         0  stubs.o ABSOLUTE
    _printf_ll                               0x00000000   Number         0  stubs.o ABSOLUTE
    _printf_lld                              0x00000000   Number         0  stubs.o ABSOLUTE
    _printf_lli                              0x00000000   Number         0  stubs.o ABSOLUTE
    _printf_llo                              0x00000000   Number         0  stubs.o ABSOLUTE
    _printf_llu                              0x00000000   Number         0  stubs.o ABSOLUTE
    _printf_llx                              0x00000000   Number         0  stubs.o ABSOLUTE
    _printf_longlong_dec                     0x00000000   Number         0  stubs.o ABSOLUTE
    _printf_longlong_hex                     0x00000000   Number         0  stubs.o ABSOLUTE
    _printf_longlong_oct                     0x00000000   Number         0  stubs.o ABSOLUTE
    _printf_ls                               0x00000000   Number         0  stubs.o ABSOLUTE
    _printf_mbtowc                           0x00000000   Number         0  stubs.o ABSOLUTE
    _printf_n                                0x00000000   Number         0  stubs.o ABSOLUTE
    _printf_o                                0x00000000   Number         0  stubs.o ABSOLUTE
    _printf_p                                0x00000000   Number         0  stubs.o ABSOLUTE
    _printf_percent                          0x00000000   Number         0  stubs.o ABSOLUTE
    _printf_pre_padding                      0x00000000   Number         0  stubs.o ABSOLUTE
    _printf_return_value                     0x00000000   Number         0  stubs.o ABSOLUTE
    _printf_s                                0x00000000   Number         0  stubs.o ABSOLUTE
    _printf_sizespec                         0x00000000   Number         0  stubs.o ABSOLUTE
    _printf_str                              0x00000000   Number         0  stubs.o ABSOLUTE
    _printf_truncate_signed                  0x00000000   Number         0  stubs.o ABSOLUTE
    _printf_truncate_unsigned                0x00000000   Number         0  stubs.o ABSOLUTE
    _printf_u                                0x00000000   Number         0  stubs.o ABSOLUTE
    _printf_wc                               0x00000000   Number         0  stubs.o ABSOLUTE
    _printf_wctomb                           0x00000000   Number         0  stubs.o ABSOLUTE
    _printf_widthprec                        0x00000000   Number         0  stubs.o ABSOLUTE
    _printf_x                                0x00000000   Number         0  stubs.o ABSOLUTE
    __cpp_initialize__aeabi_                  - Undefined Weak Reference
    __cxa_finalize                            - Undefined Weak Reference
    __decompress                              - Undefined Weak Reference
    _clock_init                               - Undefined Weak Reference
    _microlib_exit                            - Undefined Weak Reference
    __Vectors_End                            0x0000026c   Data           0  startup_tm4c123.o(RESET)
    __Vectors_Size                           0x0000026c   Number         0  startup_tm4c123.o ABSOLUTE
    __main                                   0x0000026d   Thumb Code     0  entry.o(.ARM.Collect$$$$00000000)
    _main_stk                                0x0000026d   Thumb Code     0  entry2.o(.ARM.Collect$$$$00000001)
    _main_scatterload                        0x00000271   Thumb Code     0  entry5.o(.ARM.Collect$$$$00000004)
    __main_after_scatterload                 0x00000275   Thumb Code     0  entry5.o(.ARM.Collect$$$$00000004)
    _main_clock                              0x00000275   Thumb Code     0  entry7b.o(.ARM.Collect$$$$00000008)
    _main_cpp_init                           0x00000275   Thumb Code     0  entry8b.o(.ARM.Collect$$$$0000000A)
    _main_init                               0x00000275   Thumb Code     0  entry9a.o(.ARM.Collect$$$$0000000B)
    __rt_final_cpp                           0x0000027d   Thumb Code     0  entry10a.o(.ARM.Collect$$$$0000000D)
    __rt_final_exit                          0x0000027d   Thumb Code     0  entry11a.o(.ARM.Collect$$$$0000000F)
    Reset_Handler                            0x00000281   Thumb Code     8  startup_tm4c123.o(.text)
    NMI_Handler                              0x00000289   Thumb Code     2  startup_tm4c123.o(.text)
    HardFault_Handler                        0x0000028b   Thumb Code     2  startup_tm4c123.o(.text)
    MemManage_Handler                        0x0000028d   Thumb Code     2  startup_tm4c123.o(.text)
    BusFault_Handler                         0x0000028f   Thumb Code     2  startup_tm4c123.o(.text)
    UsageFault_Handler                       0x00000291   Thumb Code     2  startup_tm4c123.o(.text)
    SVC_Handler                              0x00000293   Thumb Code     2  startup_tm4c123.o(.text)
    DebugMon_Handler                         0x00000295   Thumb Code     2  startup_tm4c123.o(.text)
    PendSV_Handler                           0x00000297   Thumb Code     2  startup_tm4c123.o(.text)
    SysTick_Handler                          0x00000299   Thumb Code     2  startup_tm4c123.o(.text)
    GPIOA_Handler                            0x0000029b   Thumb Code     2  startup_tm4c123.o(.text)
    GPIOB_Handler                            0x0000029d   Thumb Code     2  startup_tm4c123.o(.text)
    GPIOC_Handler                            0x0000029f   Thumb Code     2  startup_tm4c123.o(.text)
    GPIOD_Handler                            0x000002a1   Thumb Code     2  startup_tm4c123.o(.text)
    GPIOE_Handler                            0x000002a3   Thumb Code     2  startup_tm4c123.o(.text)
    UART0_Handler                            0x000002a5   Thumb Code     2  startup_tm4c123.o(.text)
    UART1_Handler                            0x000002a7   Thumb Code     2  startup_tm4c123.o(.text)
    SSI0_Handler                             0x000002a9   Thumb Code     2  startup_tm4c123.o(.text)
    I2C0_Handler                             0x000002ab   Thumb Code     2  startup_tm4c123.o(.text)
    PMW0_FAULT_Handler                       0x000002ad   Thumb Code     2  startup_tm4c123.o(.text)
    PWM0_0_Handler                           0x000002af   Thumb Code     2  startup_tm4c123.o(.text)
    PWM0_1_Handler                           0x000002b1   Thumb Code     2  startup_tm4c123.o(.text)
    PWM0_2_Handler                           0x000002b3   Thumb Code     2  startup_tm4c123.o(.text)
    QEI0_Handler                             0x000002b5   Thumb Code     2  startup_tm4c123.o(.text)
    ADC0SS0_Handler                          0x000002b7   Thumb Code     2  startup_tm4c123.o(.text)
    ADC0SS1_Handler                          0x000002b9   Thumb Code     2  startup_tm4c123.o(.text)
    ADC0SS2_Handler                          0x000002bb   Thumb Code     2  startup_tm4c123.o(.text)
    ADC0SS3_Handler                          0x000002bd   Thumb Code     2  startup_tm4c123.o(.text)
    WDT0_Handler                             0x000002bf   Thumb Code     2  startup_tm4c123.o(.text)
    TIMER0A_Handler                          0x000002c1   Thumb Code     2  startup_tm4c123.o(.text)
    TIMER0B_Handler                          0x000002c3   Thumb Code     2  startup_tm4c123.o(.text)
    TIMER1A_Handler                          0x000002c5   Thumb Code     2  startup_tm4c123.o(.text)
    TIMER1B_Handler                          0x000002c7   Thumb Code     2  startup_tm4c123.o(.text)
    TIMER2A_Handler                          0x000002c9   Thumb Code     2  startup_tm4c123.o(.text)
    TIMER2B_Handler                          0x000002cb   Thumb Code     2  startup_tm4c123.o(.text)
    COMP0_Handler                            0x000002cd   Thumb Code     2  startup_tm4c123.o(.text)
    COMP1_Handler                            0x000002cf   Thumb Code     2  startup_tm4c123.o(.text)
    COMP2_Handler                            0x000002d1   Thumb Code     2  startup_tm4c123.o(.text)
    SYSCTL_Handler                           0x000002d3   Thumb Code     2  startup_tm4c123.o(.text)
    FLASH_Handler                            0x000002d5   Thumb Code     2  startup_tm4c123.o(.text)
    GPIOF_Handler                            0x000002d7   Thumb Code     2  startup_tm4c123.o(.text)
    GPIOG_Handler                            0x000002d9   Thumb Code     2  startup_tm4c123.o(.text)
    GPIOH_Handler                            0x000002db   Thumb Code     2  startup_tm4c123.o(.text)
    UART2_Handler                            0x000002dd   Thumb Code     2  startup_tm4c123.o(.text)
    SSI1_Handler                             0x000002df   Thumb Code     2  startup_tm4c123.o(.text)
    TIMER3A_Handler                          0x000002e1   Thumb Code     2  startup_tm4c123.o(.text)
    TIMER3B_Handler                          0x000002e3   Thumb Code     2  startup_tm4c123.o(.text)
    I2C1_Handler                             0x000002e5   Thumb Code     2  startup_tm4c123.o(.text)
    QEI1_Handler                             0x000002e7   Thumb Code     2  startup_tm4c123.o(.text)
    CAN0_Handler                             0x000002e9   Thumb Code     2  startup_tm4c123.o(.text)
    CAN1_Handler                             0x000002eb   Thumb Code     2  startup_tm4c123.o(.text)
    CAN2_Handler                             0x000002ed   Thumb Code     2  startup_tm4c123.o(.text)
    HIB_Handler                              0x000002ef   Thumb Code     2  startup_tm4c123.o(.text)
    USB0_Handler                             0x000002f1   Thumb Code     2  startup_tm4c123.o(.text)
    PWM0_3_Handler                           0x000002f3   Thumb Code     2  startup_tm4c123.o(.text)
    UDMA_Handler                             0x000002f5   Thumb Code     2  startup_tm4c123.o(.text)
    UDMAERR_Handler                          0x000002f7   Thumb Code     2  startup_tm4c123.o(.text)
    ADC1SS0_Handler                          0x000002f9   Thumb Code     2  startup_tm4c123.o(.text)
    ADC1SS1_Handler                          0x000002fb   Thumb Code     2  startup_tm4c123.o(.text)
    ADC1SS2_Handler                          0x000002fd   Thumb Code     2  startup_tm4c123.o(.text)
    ADC1SS3_Handler                          0x000002ff   Thumb Code     2  startup_tm4c123.o(.text)
    GPIOJ_Handler                            0x00000301   Thumb Code     2  startup_tm4c123.o(.text)
    GPIOK_Handler                            0x00000303   Thumb Code     2  startup_tm4c123.o(.text)
    GPIOL_Handler                            0x00000305   Thumb Code     2  startup_tm4c123.o(.text)
    SSI2_Handler                             0x00000307   Thumb Code     2  startup_tm4c123.o(.text)
    SSI3_Handler                             0x00000309   Thumb Code     2  startup_tm4c123.o(.text)
    UART3_Handler                            0x0000030b   Thumb Code     2  startup_tm4c123.o(.text)
    UART4_Handler                            0x0000030d   Thumb Code     2  startup_tm4c123.o(.text)
    UART5_Handler                            0x0000030f   Thumb Code     2  startup_tm4c123.o(.text)
    UART6_Handler                            0x00000311   Thumb Code     2  startup_tm4c123.o(.text)
    UART7_Handler                            0x00000313   Thumb Code     2  startup_tm4c123.o(.text)
    I2C2_Handler                             0x00000315   Thumb Code     2  startup_tm4c123.o(.text)
    I2C3_Handler                             0x00000317   Thumb Code     2  startup_tm4c123.o(.text)
    TIMER4A_Handler                          0x00000319   Thumb Code     2  startup_tm4c123.o(.text)
    TIMER4B_Handler                          0x0000031b   Thumb Code     2  startup_tm4c123.o(.text)
    TIMER5A_Handler                          0x0000031d   Thumb Code     2  startup_tm4c123.o(.text)
    TIMER5B_Handler                          0x0000031f   Thumb Code     2  startup_tm4c123.o(.text)
    WTIMER0A_Handler                         0x00000321   Thumb Code     2  startup_tm4c123.o(.text)
    WTIMER0B_Handler                         0x00000323   Thumb Code     2  startup_tm4c123.o(.text)
    WTIMER1A_Handler                         0x00000325   Thumb Code     2  startup_tm4c123.o(.text)
    WTIMER1B_Handler                         0x00000327   Thumb Code     2  startup_tm4c123.o(.text)
    WTIMER2A_Handler                         0x00000329   Thumb Code     2  startup_tm4c123.o(.text)
    WTIMER2B_Handler                         0x0000032b   Thumb Code     2  startup_tm4c123.o(.text)
    WTIMER3A_Handler                         0x0000032d   Thumb Code     2  startup_tm4c123.o(.text)
    WTIMER3B_Handler                         0x0000032f   Thumb Code     2  startup_tm4c123.o(.text)
    WTIMER4A_Handler                         0x00000331   Thumb Code     2  startup_tm4c123.o(.text)
    WTIMER4B_Handler                         0x00000333   Thumb Code     2  startup_tm4c123.o(.text)
    WTIMER5A_Handler                         0x00000335   Thumb Code     2  startup_tm4c123.o(.text)
    WTIMER5B_Handler                         0x00000337   Thumb Code     2  startup_tm4c123.o(.text)
    FPU_Handler                              0x00000339   Thumb Code     2  startup_tm4c123.o(.text)
    I2C4_Handler                             0x0000033b   Thumb Code     2  startup_tm4c123.o(.text)
    I2C5_Handler                             0x0000033d   Thumb Code     2  startup_tm4c123.o(.text)
    GPIOM_Handler                            0x0000033f   Thumb Code     2  startup_tm4c123.o(.text)
    GPION_Handler                            0x00000341   Thumb Code     2  startup_tm4c123.o(.text)
    QEI2_Handler                             0x00000343   Thumb Code     2  startup_tm4c123.o(.text)
    GPIOP0_Handler                           0x00000345   Thumb Code     2  startup_tm4c123.o(.text)
    GPIOP1_Handler                           0x00000347   Thumb Code     2  startup_tm4c123.o(.text)
    GPIOP2_Handler                           0x00000349   Thumb Code     2  startup_tm4c123.o(.text)
    GPIOP3_Handler                           0x0000034b   Thumb Code     2  startup_tm4c123.o(.text)
    GPIOP4_Handler                           0x0000034d   Thumb Code     2  startup_tm4c123.o(.text)
    GPIOP5_Handler                           0x0000034f   Thumb Code     2  startup_tm4c123.o(.text)
    GPIOP6_Handler                           0x00000351   Thumb Code     2  startup_tm4c123.o(.text)
    GPIOP7_Handler                           0x00000353   Thumb Code     2  startup_tm4c123.o(.text)
    GPIOQ0_Handler                           0x00000355   Thumb Code     2  startup_tm4c123.o(.text)
    GPIOQ1_Handler                           0x00000357   Thumb Code     2  startup_tm4c123.o(.text)
    GPIOQ2_Handler                           0x00000359   Thumb Code     2  startup_tm4c123.o(.text)
    GPIOQ3_Handler                           0x0000035b   Thumb Code     2  startup_tm4c123.o(.text)
    GPIOQ4_Handler                           0x0000035d   Thumb Code     2  startup_tm4c123.o(.text)
    GPIOQ5_Handler                           0x0000035f   Thumb Code     2  startup_tm4c123.o(.text)
    GPIOQ6_Handler                           0x00000361   Thumb Code     2  startup_tm4c123.o(.text)
    GPIOQ7_Handler                           0x00000363   Thumb Code     2  startup_tm4c123.o(.text)
    GPIOR_Handler                            0x00000365   Thumb Code     2  startup_tm4c123.o(.text)
    GPIOS_Handler                            0x00000367   Thumb Code     2  startup_tm4c123.o(.text)
    PMW1_0_Handler                           0x00000369   Thumb Code     2  startup_tm4c123.o(.text)
    PWM1_1_Handler                           0x0000036b   Thumb Code     2  startup_tm4c123.o(.text)
    PWM1_2_Handler                           0x0000036d   Thumb Code     2  startup_tm4c123.o(.text)
    PWM1_3_Handler                           0x0000036f   Thumb Code     2  startup_tm4c123.o(.text)
    PWM1_FAULT_Handler                       0x00000371   Thumb Code     2  startup_tm4c123.o(.text)
    __aeabi_memset                           0x0000037d   Thumb Code    14  memseta.o(.text)
    __aeabi_memset4                          0x0000037d   Thumb Code     0  memseta.o(.text)
    __aeabi_memset8                          0x0000037d   Thumb Code     0  memseta.o(.text)
    __aeabi_memclr                           0x0000038b   Thumb Code     4  memseta.o(.text)
    __aeabi_memclr4                          0x0000038b   Thumb Code     0  memseta.o(.text)
    __aeabi_memclr8                          0x0000038b   Thumb Code     0  memseta.o(.text)
    _memset$wrapper                          0x0000038f   Thumb Code    18  memseta.o(.text)
    strcat                                   0x000003a1   Thumb Code    24  strcat.o(.text)
    strlen                                   0x000003b9   Thumb Code    14  strlen.o(.text)
    strcpy                                   0x000003c7   Thumb Code    18  strcpy.o(.text)
    atoi                                     0x000003d9   Thumb Code    26  atoi.o(.text)
    __aeabi_f2d                              0x000003f3   Thumb Code    38  f2d.o(.text)
    __aeabi_d2f                              0x00000419   Thumb Code    56  d2f.o(.text)
    __aeabi_uidiv                            0x00000451   Thumb Code     0  uidiv.o(.text)
    __aeabi_uidivmod                         0x00000451   Thumb Code    44  uidiv.o(.text)
    __aeabi_uldivmod                         0x0000047d   Thumb Code    98  uldiv.o(.text)
    __strtod_int                             0x00000517   Thumb Code    90  strtod.o(.text)
    strtol                                   0x0000057d   Thumb Code   112  strtol.o(.text)
    __I$use$fp                               0x000005ed   Thumb Code     0  iusefp.o(.text)
    _float_round                             0x000005ed   Thumb Code    18  fepilogue.o(.text)
    _float_epilogue                          0x000005ff   Thumb Code    92  fepilogue.o(.text)
    __aeabi_dadd                             0x0000065b   Thumb Code   322  dadd.o(.text)
    __aeabi_dsub                             0x0000079d   Thumb Code     6  dadd.o(.text)
    __aeabi_drsub                            0x000007a3   Thumb Code     6  dadd.o(.text)
    __aeabi_dmul                             0x000007a9   Thumb Code   228  dmul.o(.text)
    __aeabi_ddiv                             0x0000088d   Thumb Code   222  ddiv.o(.text)
    _dsqrt                                   0x0000096b   Thumb Code   162  dsqrt.o(.text)
    __aeabi_i2d                              0x00000a0d   Thumb Code    34  dflti.o(.text)
    __aeabi_d2ulz                            0x00000a2f   Thumb Code    48  dfixul.o(.text)
    __aeabi_cdcmpeq                          0x00000a61   Thumb Code     0  cdcmple.o(.text)
    __aeabi_cdcmple                          0x00000a61   Thumb Code    48  cdcmple.o(.text)
    __aeabi_cdrcmple                         0x00000a91   Thumb Code    48  cdrcmple.o(.text)
    __scatterload                            0x00000ac1   Thumb Code    28  init.o(.text)
    __scatterload_rt2                        0x00000ac1   Thumb Code     0  init.o(.text)
    __aeabi_llsl                             0x00000ae5   Thumb Code    30  llshl.o(.text)
    _ll_shift_l                              0x00000ae5   Thumb Code     0  llshl.o(.text)
    __aeabi_llsr                             0x00000b03   Thumb Code    32  llushr.o(.text)
    _ll_ushift_r                             0x00000b03   Thumb Code     0  llushr.o(.text)
    __aeabi_lasr                             0x00000b23   Thumb Code    36  llsshr.o(.text)
    _ll_sshift_r                             0x00000b23   Thumb Code     0  llsshr.o(.text)
    __rt_ctype_table                         0x00000b49   Thumb Code     4  ctype_o.o(.text)
    isspace                                  0x00000b51   Thumb Code    18  isspace_o.o(.text)
    _scanf_real                              0x00000c8d   Thumb Code     0  scanf_fp.o(.text)
    _scanf_really_real                       0x00000c8d   Thumb Code   556  scanf_fp.o(.text)
    _sgetc                                   0x00000ec5   Thumb Code    30  _sgetc.o(.text)
    _sbackspace                              0x00000ee3   Thumb Code    34  _sgetc.o(.text)
    _strtoul                                 0x00000f05   Thumb Code   158  _strtoul.o(.text)
    _double_round                            0x00000fa3   Thumb Code    30  depilogue.o(.text)
    _double_epilogue                         0x00000fc1   Thumb Code   156  depilogue.o(.text)
    __aeabi_ui2d                             0x0000105d   Thumb Code    26  dfltui.o(.text)
    __aeabi_d2iz                             0x00001077   Thumb Code    62  dfixi.o(.text)
    _chval                                   0x000010b5   Thumb Code    28  _chval.o(.text)
    __aeabi_ul2d                             0x000010d1   Thumb Code    24  dfltul.o(.text)
    Init                                     0x000010e9   Thumb Code    20  main.o(i.Init)
    PLL_Init                                 0x000010fd   Thumb Code   108  pll.o(i.PLL_Init)
    PortInit                                 0x0000116d   Thumb Code   188  lcd.o(i.PortInit)
    SysTick_Init                             0x00001241   Thumb Code    24  pll.o(i.SysTick_Init)
    SysTick_Wait                             0x00001259   Thumb Code    30  pll.o(i.SysTick_Wait)
    SystemInit                               0x00001279   Thumb Code   112  system_tm4c123.o(i.SystemInit)
    __0sprintf                               0x00001311   Thumb Code    34  printfa.o(i.__0sprintf)
    __1sprintf                               0x00001311   Thumb Code     0  printfa.o(i.__0sprintf)
    __2sprintf                               0x00001311   Thumb Code     0  printfa.o(i.__0sprintf)
    __c89sprintf                             0x00001311   Thumb Code     0  printfa.o(i.__0sprintf)
    sprintf                                  0x00001311   Thumb Code     0  printfa.o(i.__0sprintf)
    __ARM_fpclassify                         0x00001339   Thumb Code    48  fpclassify.o(i.__ARM_fpclassify)
    __aeabi_errno_addr                       0x00001369   Thumb Code     4  errno.o(i.__aeabi_errno_addr)
    __rt_errno_addr                          0x00001369   Thumb Code     0  errno.o(i.__aeabi_errno_addr)
    __hardfp_acos                            0x00001371   Thumb Code   738  acos.o(i.__hardfp_acos)
    __hardfp_asin                            0x000016c9   Thumb Code   770  asin.o(i.__hardfp_asin)
    __hardfp_atan                            0x00001a29   Thumb Code   622  atan.o(i.__hardfp_atan)
    __hardfp_atof                            0x00001d01   Thumb Code    44  atof.o(i.__hardfp_atof)
    __hardfp_cos                             0x00001d39   Thumb Code   180  cos.o(i.__hardfp_cos)
    __hardfp_log                             0x00001e01   Thumb Code   872  log.o(i.__hardfp_log)
    __hardfp_log10                           0x000021c9   Thumb Code   260  log10.o(i.__hardfp_log10)
    __hardfp_sin                             0x000022f9   Thumb Code   180  sin.o(i.__hardfp_sin)
    __hardfp_sqrt                            0x000023c1   Thumb Code   122  sqrt.o(i.__hardfp_sqrt)
    __hardfp_tan                             0x00002441   Thumb Code   108  tan.o(i.__hardfp_tan)
    __ieee754_rem_pio2                       0x000024c1   Thumb Code   938  rred.o(i.__ieee754_rem_pio2)
    __kernel_cos                             0x000028f9   Thumb Code   322  cos_i.o(i.__kernel_cos)
    __kernel_poly                            0x00002a69   Thumb Code   248  poly.o(i.__kernel_poly)
    __kernel_sin                             0x00002b61   Thumb Code   280  sin_i.o(i.__kernel_sin)
    __kernel_tan                             0x00002c91   Thumb Code   764  tan_i.o(i.__kernel_tan)
    __mathlib_dbl_divzero                    0x00002fe1   Thumb Code    28  dunder.o(i.__mathlib_dbl_divzero)
    __mathlib_dbl_infnan                     0x00003011   Thumb Code    20  dunder.o(i.__mathlib_dbl_infnan)
    __mathlib_dbl_invalid                    0x00003029   Thumb Code    24  dunder.o(i.__mathlib_dbl_invalid)
    __mathlib_dbl_underflow                  0x00003049   Thumb Code    24  dunder.o(i.__mathlib_dbl_underflow)
    __read_errno                             0x00003069   Thumb Code     6  errno.o(i.__read_errno)
    __scatterload_copy                       0x00003075   Thumb Code    14  handlers.o(i.__scatterload_copy)
    __scatterload_null                       0x00003083   Thumb Code     2  handlers.o(i.__scatterload_null)
    __scatterload_zeroinit                   0x00003085   Thumb Code    14  handlers.o(i.__scatterload_zeroinit)
    __set_errno                              0x00003095   Thumb Code     6  errno.o(i.__set_errno)
    _is_digit                                0x00003225   Thumb Code    14  scanf_fp.o(i._is_digit)
    fabs                                     0x0000396d   Thumb Code    24  fabs.o(i.fabs)
    keypadInit                               0x00003985   Thumb Code   218  keypad.o(i.keypadInit)
    lcdClearScreen                           0x00003a7d   Thumb Code    40  lcd.o(i.lcdClearScreen)
    lcdENPulse                               0x00003aa9   Thumb Code    44  lcd.o(i.lcdENPulse)
    lcdGoto                                  0x00003ad5   Thumb Code    18  lcd.o(i.lcdGoto)
    lcdInit                                  0x00003aed   Thumb Code   132  lcd.o(i.lcdInit)
    lcdWriteCommand                          0x00003b79   Thumb Code    72  lcd.o(i.lcdWriteCommand)
    lcdWriteData                             0x00003bc9   Thumb Code    84  lcd.o(i.lcdWriteData)
    lcdWriteRamString                        0x00003c21   Thumb Code    22  lcd.o(i.lcdWriteRamString)
    lcdcommandInit                           0x00003c39   Thumb Code    76  lcd.o(i.lcdcommandInit)
    log                                      0x00003c89   Thumb Code    16  log.o(i.log)
    longDelay                                0x00003c99   Thumb Code    28  main.o(i.longDelay)
    main                                     0x00003cb9   Thumb Code   450  main.o(i.main)
    password                                 0x00003ed5   Thumb Code   280  main.o(i.password)
    performCalculation                       0x00004025   Thumb Code  5934  main.o(i.performCalculation)
    readKeypad                               0x0000578d   Thumb Code   256  keypad.o(i.readKeypad)
    returnNumber                             0x00005895   Thumb Code   230  main.o(i.returnNumber)
    sqrt                                     0x000059a9   Thumb Code   110  sqrt.o(i.sqrt)
    __mathlib_zero                           0x00005bb8   Data           8  qnan.o(.constdata)
    __ctype_table                            0x00005d10   Data         129  ctype_o.o(.constdata)
    Region$$Table$$Base                      0x00005d98   Number         0  anon$$obj.o(Region$$Table)
    Region$$Table$$Limit                     0x00005db8   Number         0  anon$$obj.o(Region$$Table)
    firsthirdNumbermber                      0x20000000   Data           4  main.o(.data)
    secondNumber                             0x20000004   Data           4  main.o(.data)
    thirdNumber                              0x20000008   Data           4  main.o(.data)
    fourthNumber                             0x2000000c   Data           4  main.o(.data)
    fifthNumber                              0x20000010   Data           4  main.o(.data)
    sixthNumber                              0x20000014   Data           4  main.o(.data)
    seventhNumber                            0x20000018   Data           4  main.o(.data)
    eighthNumber                             0x2000001c   Data           4  main.o(.data)
    answer                                   0x20000020   Data           4  main.o(.data)
    passwordCh                               0x20000024   Data           4  main.o(.data)
    counter                                  0x20000028   Data           4  main.o(.data)
    cursoraddress                            0x2000002c   Data           4  main.o(.data)
    flagmult                                 0x20000030   Data           4  main.o(.data)
    flagsum                                  0x20000034   Data           4  main.o(.data)
    shiftflag                                0x20000038   Data           4  main.o(.data)
    operation                                0x2000003c   Data           4  main.o(.data)
    a                                        0x20000040   Data           4  main.o(.data)
    x                                        0x20000044   Data           4  main.o(.data)
    y                                        0x20000048   Data           4  main.o(.data)
    q                                        0x2000004c   Data           4  main.o(.data)
    w                                        0x20000050   Data           4  main.o(.data)
    pw                                       0x20000054   Data           4  main.o(.data)
    string                                   0x20000058   Data           1  main.o(.data)
    pad                                      0x20000059   Data           1  main.o(.data)
    padNew                                   0x2000005a   Data           1  main.o(.data)
    input                                    0x2000005b   Data           1  main.o(.data)
    buffer                                   0x20000060   Data          20  main.o(.bss)
    numone                                   0x20000074   Data          20  main.o(.bss)
    numtwo                                   0x20000088   Data          20  main.o(.bss)
    numthree                                 0x2000009c   Data          20  main.o(.bss)
    numfour                                  0x200000b0   Data          20  main.o(.bss)
    numfive                                  0x200000c4   Data          20  main.o(.bss)
    numsix                                   0x200000d8   Data          20  main.o(.bss)
    numseven                                 0x200000ec   Data          20  main.o(.bss)
    numeight                                 0x20000100   Data          20  main.o(.bss)
    numonefinal                              0x20000114   Data          20  main.o(.bss)
    numtwofinal                              0x20000128   Data          20  main.o(.bss)
    numthreefinal                            0x2000013c   Data          20  main.o(.bss)
    numfourfinal                             0x20000150   Data          20  main.o(.bss)
    numfivefinal                             0x20000164   Data          20  main.o(.bss)
    numsixfinal                              0x20000178   Data          20  main.o(.bss)
    numsevenfinal                            0x2000018c   Data          20  main.o(.bss)
    numeightfinal                            0x200001a0   Data          20  main.o(.bss)
    pos                                      0x200001b4   Data          80  main.o(.bss)
    passQuery                                0x20000204   Data          20  main.o(.bss)
    passEntry                                0x20000218   Data          20  main.o(.bss)
    pwchar                                   0x2000022c   Data          20  main.o(.bss)
    __initial_sp                             0x20000440   Data           0  startup_tm4c123.o(STACK)



==============================================================================

Memory Map of the image

  Image Entry point : 0x00000281

  Load Region LR_1 (Base: 0x00000000, Size: 0x00005e18, Max: 0xffffffff, ABSOLUTE)

    Execution Region ER_RO (Exec base: 0x00000000, Load base: 0x00000000, Size: 0x00005db8, Max: 0xffffffff, ABSOLUTE)

    Exec Addr    Load Addr    Size         Type   Attr      Idx    E Section Name        Object

    0x00000000   0x00000000   0x0000026c   Data   RO          216    RESET               startup_tm4c123.o
    0x0000026c   0x0000026c   0x00000000   Code   RO          404  * .ARM.Collect$$$$00000000  mc_w.l(entry.o)
    0x0000026c   0x0000026c   0x00000004   Code   RO          727    .ARM.Collect$$$$00000001  mc_w.l(entry2.o)
    0x00000270   0x00000270   0x00000004   Code   RO          730    .ARM.Collect$$$$00000004  mc_w.l(entry5.o)
    0x00000274   0x00000274   0x00000000   Code   RO          732    .ARM.Collect$$$$00000008  mc_w.l(entry7b.o)
    0x00000274   0x00000274   0x00000000   Code   RO          734    .ARM.Collect$$$$0000000A  mc_w.l(entry8b.o)
    0x00000274   0x00000274   0x00000008   Code   RO          735    .ARM.Collect$$$$0000000B  mc_w.l(entry9a.o)
    0x0000027c   0x0000027c   0x00000000   Code   RO          737    .ARM.Collect$$$$0000000D  mc_w.l(entry10a.o)
    0x0000027c   0x0000027c   0x00000000   Code   RO          739    .ARM.Collect$$$$0000000F  mc_w.l(entry11a.o)
    0x0000027c   0x0000027c   0x00000004   Code   RO          728    .ARM.Collect$$$$00002712  mc_w.l(entry2.o)
    0x00000280   0x00000280   0x000000fc   Code   RO          217  * .text               startup_tm4c123.o
    0x0000037c   0x0000037c   0x00000024   Code   RO          407    .text               mc_w.l(memseta.o)
    0x000003a0   0x000003a0   0x00000018   Code   RO          409    .text               mc_w.l(strcat.o)
    0x000003b8   0x000003b8   0x0000000e   Code   RO          411    .text               mc_w.l(strlen.o)
    0x000003c6   0x000003c6   0x00000012   Code   RO          413    .text               mc_w.l(strcpy.o)
    0x000003d8   0x000003d8   0x0000001a   Code   RO          676    .text               mc_w.l(atoi.o)
    0x000003f2   0x000003f2   0x00000026   Code   RO          678    .text               mf_w.l(f2d.o)
    0x00000418   0x00000418   0x00000038   Code   RO          680    .text               mf_w.l(d2f.o)
    0x00000450   0x00000450   0x0000002c   Code   RO          742    .text               mc_w.l(uidiv.o)
    0x0000047c   0x0000047c   0x00000062   Code   RO          744    .text               mc_w.l(uldiv.o)
    0x000004de   0x000004de   0x00000002   PAD
    0x000004e0   0x000004e0   0x0000009c   Code   RO          753    .text               mc_w.l(strtod.o)
    0x0000057c   0x0000057c   0x00000070   Code   RO          755    .text               mc_w.l(strtol.o)
    0x000005ec   0x000005ec   0x00000000   Code   RO          757    .text               mc_w.l(iusefp.o)
    0x000005ec   0x000005ec   0x0000006e   Code   RO          758    .text               mf_w.l(fepilogue.o)
    0x0000065a   0x0000065a   0x0000014e   Code   RO          760    .text               mf_w.l(dadd.o)
    0x000007a8   0x000007a8   0x000000e4   Code   RO          762    .text               mf_w.l(dmul.o)
    0x0000088c   0x0000088c   0x000000de   Code   RO          764    .text               mf_w.l(ddiv.o)
    0x0000096a   0x0000096a   0x000000a2   Code   RO          768    .text               mf_w.l(dsqrt.o)
    0x00000a0c   0x00000a0c   0x00000022   Code   RO          770    .text               mf_w.l(dflti.o)
    0x00000a2e   0x00000a2e   0x00000030   Code   RO          772    .text               mf_w.l(dfixul.o)
    0x00000a5e   0x00000a5e   0x00000002   PAD
    0x00000a60   0x00000a60   0x00000030   Code   RO          774    .text               mf_w.l(cdcmple.o)
    0x00000a90   0x00000a90   0x00000030   Code   RO          776    .text               mf_w.l(cdrcmple.o)
    0x00000ac0   0x00000ac0   0x00000024   Code   RO          778    .text               mc_w.l(init.o)
    0x00000ae4   0x00000ae4   0x0000001e   Code   RO          780    .text               mc_w.l(llshl.o)
    0x00000b02   0x00000b02   0x00000020   Code   RO          782    .text               mc_w.l(llushr.o)
    0x00000b22   0x00000b22   0x00000024   Code   RO          784    .text               mc_w.l(llsshr.o)
    0x00000b46   0x00000b46   0x00000002   PAD
    0x00000b48   0x00000b48   0x00000008   Code   RO          788    .text               mc_w.l(ctype_o.o)
    0x00000b50   0x00000b50   0x00000012   Code   RO          810    .text               mc_w.l(isspace_o.o)
    0x00000b62   0x00000b62   0x00000002   PAD
    0x00000b64   0x00000b64   0x00000360   Code   RO          816    .text               mc_w.l(scanf_fp.o)
    0x00000ec4   0x00000ec4   0x00000040   Code   RO          820    .text               mc_w.l(_sgetc.o)
    0x00000f04   0x00000f04   0x0000009e   Code   RO          822    .text               mc_w.l(_strtoul.o)
    0x00000fa2   0x00000fa2   0x000000ba   Code   RO          824    .text               mf_w.l(depilogue.o)
    0x0000105c   0x0000105c   0x0000001a   Code   RO          826    .text               mf_w.l(dfltui.o)
    0x00001076   0x00001076   0x0000003e   Code   RO          828    .text               mf_w.l(dfixi.o)
    0x000010b4   0x000010b4   0x0000001c   Code   RO          833    .text               mc_w.l(_chval.o)
    0x000010d0   0x000010d0   0x00000018   Code   RO          835    .text               mf_w.l(dfltul.o)
    0x000010e8   0x000010e8   0x00000014   Code   RO           21    i.Init              main.o
    0x000010fc   0x000010fc   0x00000070   Code   RO           85    i.PLL_Init          pll.o
    0x0000116c   0x0000116c   0x000000d4   Code   RO          154    i.PortInit          lcd.o
    0x00001240   0x00001240   0x00000018   Code   RO           86    i.SysTick_Init      pll.o
    0x00001258   0x00001258   0x0000001e   Code   RO           87    i.SysTick_Wait      pll.o
    0x00001276   0x00001276   0x00000002   PAD
    0x00001278   0x00001278   0x00000098   Code   RO          226    i.SystemInit        system_tm4c123.o
    0x00001310   0x00001310   0x00000028   Code   RO          650    i.__0sprintf        mc_w.l(printfa.o)
    0x00001338   0x00001338   0x00000030   Code   RO          705    i.__ARM_fpclassify  m_wm.l(fpclassify.o)
    0x00001368   0x00001368   0x00000008   Code   RO          746    i.__aeabi_errno_addr  mc_w.l(errno.o)
    0x00001370   0x00001370   0x00000358   Code   RO          282    i.__hardfp_acos     m_wm.l(acos.o)
    0x000016c8   0x000016c8   0x00000360   Code   RO          296    i.__hardfp_asin     m_wm.l(asin.o)
    0x00001a28   0x00001a28   0x000002d8   Code   RO          310    i.__hardfp_atan     m_wm.l(atan.o)
    0x00001d00   0x00001d00   0x00000038   Code   RO          324    i.__hardfp_atof     m_wm.l(atof.o)
    0x00001d38   0x00001d38   0x000000c8   Code   RO          330    i.__hardfp_cos      m_wm.l(cos.o)
    0x00001e00   0x00001e00   0x000003c4   Code   RO          342    i.__hardfp_log      m_wm.l(log.o)
    0x000021c4   0x000021c4   0x00000004   PAD
    0x000021c8   0x000021c8   0x00000130   Code   RO          356    i.__hardfp_log10    m_wm.l(log10.o)
    0x000022f8   0x000022f8   0x000000c8   Code   RO          368    i.__hardfp_sin      m_wm.l(sin.o)
    0x000023c0   0x000023c0   0x0000007a   Code   RO          380    i.__hardfp_sqrt     m_wm.l(sqrt.o)
    0x0000243a   0x0000243a   0x00000006   PAD
    0x00002440   0x00002440   0x00000080   Code   RO          392    i.__hardfp_tan      m_wm.l(tan.o)
    0x000024c0   0x000024c0   0x00000438   Code   RO          710    i.__ieee754_rem_pio2  m_wm.l(rred.o)
    0x000028f8   0x000028f8   0x00000170   Code   RO          682    i.__kernel_cos      m_wm.l(cos_i.o)
    0x00002a68   0x00002a68   0x000000f8   Code   RO          707    i.__kernel_poly     m_wm.l(poly.o)
    0x00002b60   0x00002b60   0x00000130   Code   RO          715    i.__kernel_sin      m_wm.l(sin_i.o)
    0x00002c90   0x00002c90   0x00000350   Code   RO          721    i.__kernel_tan      m_wm.l(tan_i.o)
    0x00002fe0   0x00002fe0   0x00000030   Code   RO          685    i.__mathlib_dbl_divzero  m_wm.l(dunder.o)
    0x00003010   0x00003010   0x00000014   Code   RO          686    i.__mathlib_dbl_infnan  m_wm.l(dunder.o)
    0x00003024   0x00003024   0x00000004   PAD
    0x00003028   0x00003028   0x00000020   Code   RO          688    i.__mathlib_dbl_invalid  m_wm.l(dunder.o)
    0x00003048   0x00003048   0x00000020   Code   RO          691    i.__mathlib_dbl_underflow  m_wm.l(dunder.o)
    0x00003068   0x00003068   0x0000000c   Code   RO          747    i.__read_errno      mc_w.l(errno.o)
    0x00003074   0x00003074   0x0000000e   Code   RO          839    i.__scatterload_copy  mc_w.l(handlers.o)
    0x00003082   0x00003082   0x00000002   Code   RO          840    i.__scatterload_null  mc_w.l(handlers.o)
    0x00003084   0x00003084   0x0000000e   Code   RO          841    i.__scatterload_zeroinit  mc_w.l(handlers.o)
    0x00003092   0x00003092   0x00000002   PAD
    0x00003094   0x00003094   0x0000000c   Code   RO          748    i.__set_errno       mc_w.l(errno.o)
    0x000030a0   0x000030a0   0x00000184   Code   RO          655    i._fp_digits        mc_w.l(printfa.o)
    0x00003224   0x00003224   0x0000000e   Code   RO          818    i._is_digit         mc_w.l(scanf_fp.o)
    0x00003232   0x00003232   0x00000002   PAD
    0x00003234   0x00003234   0x000006dc   Code   RO          656    i._printf_core      mc_w.l(printfa.o)
    0x00003910   0x00003910   0x00000024   Code   RO          657    i._printf_post_padding  mc_w.l(printfa.o)
    0x00003934   0x00003934   0x0000002e   Code   RO          658    i._printf_pre_padding  mc_w.l(printfa.o)
    0x00003962   0x00003962   0x0000000a   Code   RO          660    i._sputc            mc_w.l(printfa.o)
    0x0000396c   0x0000396c   0x00000018   Code   RO          701    i.fabs              m_wm.l(fabs.o)
    0x00003984   0x00003984   0x000000f8   Code   RO            1    i.keypadInit        keypad.o
    0x00003a7c   0x00003a7c   0x0000002c   Code   RO          155    i.lcdClearScreen    lcd.o
    0x00003aa8   0x00003aa8   0x0000002c   Code   RO          156    i.lcdENPulse        lcd.o
    0x00003ad4   0x00003ad4   0x00000018   Code   RO          157    i.lcdGoto           lcd.o
    0x00003aec   0x00003aec   0x0000008c   Code   RO          158    i.lcdInit           lcd.o
    0x00003b78   0x00003b78   0x00000050   Code   RO          159    i.lcdWriteCommand   lcd.o
    0x00003bc8   0x00003bc8   0x00000058   Code   RO          160    i.lcdWriteData      lcd.o
    0x00003c20   0x00003c20   0x00000016   Code   RO          161    i.lcdWriteRamString  lcd.o
    0x00003c36   0x00003c36   0x00000002   PAD
    0x00003c38   0x00003c38   0x00000050   Code   RO          162    i.lcdcommandInit    lcd.o
    0x00003c88   0x00003c88   0x00000010   Code   RO          344    i.log               m_wm.l(log.o)
    0x00003c98   0x00003c98   0x00000020   Code   RO           22    i.longDelay         main.o
    0x00003cb8   0x00003cb8   0x0000021c   Code   RO           23    i.main              main.o
    0x00003ed4   0x00003ed4   0x00000150   Code   RO           24    i.password          main.o
    0x00004024   0x00004024   0x00001768   Code   RO           25    i.performCalculation  main.o
    0x0000578c   0x0000578c   0x00000108   Code   RO            2    i.readKeypad        keypad.o
    0x00005894   0x00005894   0x00000114   Code   RO           26    i.returnNumber      main.o
    0x000059a8   0x000059a8   0x0000006e   Code   RO          382    i.sqrt              m_wm.l(sqrt.o)
    0x00005a16   0x00005a16   0x00000002   PAD
    0x00005a18   0x00005a18   0x00000050   Data   RO          285    .constdata          m_wm.l(acos.o)
    0x00005a68   0x00005a68   0x00000050   Data   RO          299    .constdata          m_wm.l(asin.o)
    0x00005ab8   0x00005ab8   0x00000098   Data   RO          313    .constdata          m_wm.l(atan.o)
    0x00005b50   0x00005b50   0x00000038   Data   RO          345    .constdata          m_wm.l(log.o)
    0x00005b88   0x00005b88   0x00000030   Data   RO          683    .constdata          m_wm.l(cos_i.o)
    0x00005bb8   0x00005bb8   0x00000008   Data   RO          709    .constdata          m_wm.l(qnan.o)
    0x00005bc0   0x00005bc0   0x000000c8   Data   RO          712    .constdata          m_wm.l(rred.o)
    0x00005c88   0x00005c88   0x00000028   Data   RO          716    .constdata          m_wm.l(sin_i.o)
    0x00005cb0   0x00005cb0   0x00000060   Data   RO          722    .constdata          m_wm.l(tan_i.o)
    0x00005d10   0x00005d10   0x00000081   Data   RO          789    .constdata          mc_w.l(ctype_o.o)
    0x00005d91   0x00005d91   0x00000003   PAD
    0x00005d94   0x00005d94   0x00000004   Data   RO          790    .constdata          mc_w.l(ctype_o.o)
    0x00005d98   0x00005d98   0x00000020   Data   RO          837    Region$$Table       anon$$obj.o


    Execution Region ER_RW (Exec base: 0x20000000, Load base: 0x00005db8, Size: 0x00000060, Max: 0xffffffff, ABSOLUTE)

    Exec Addr    Load Addr    Size         Type   Attr      Idx    E Section Name        Object

    0x20000000   0x00005db8   0x0000005c   Data   RW           28    .data               main.o
    0x2000005c   0x00005e14   0x00000004   Data   RW          749    .data               mc_w.l(errno.o)


    Execution Region ER_ZI (Exec base: 0x20000060, Load base: 0x00005e18, Size: 0x000003e0, Max: 0xffffffff, ABSOLUTE)

    Exec Addr    Load Addr    Size         Type   Attr      Idx    E Section Name        Object

    0x20000060        -       0x000001e0   Zero   RW           27    .bss                main.o
    0x20000240        -       0x00000200   Zero   RW          214    STACK               startup_tm4c123.o


==============================================================================

Image component sizes


      Code (inc. data)   RO Data    RW Data    ZI Data      Debug   Object Name

       512         38          0          0          0       2718   keypad.o
       734         58          0          0          0       4659   lcd.o
      7196        698          0         92        480       8772   main.o
       166          4          0          0          0       1373   pll.o
       252         10        620          0        512       5464   startup_tm4c123.o
       152         40          0          0          0       3665   system_tm4c123.o

    ----------------------------------------------------------------------
      9016        848        652         92        992      26651   Object Totals
         0          0         32          0          0          0   (incl. Generated)
         4          0          0          0          0          0   (incl. Padding)

    ----------------------------------------------------------------------

      Code (inc. data)   RO Data    RW Data    ZI Data      Debug   Library Member Name

       856        118         80          0          0        288   acos.o
       864         94         80          0          0        280   asin.o
       728        106        152          0          0        228   atan.o
        56         12          0          0          0        132   atof.o
       200         20          0          0          0        164   cos.o
       368         46         48          0          0        200   cos_i.o
       132         36          0          0          0        496   dunder.o
        24          0          0          0          0        124   fabs.o
        48          0          0          0          0        124   fpclassify.o
       980         92         56          0          0        440   log.o
       304         44          0          0          0        200   log10.o
       248          0          0          0          0        152   poly.o
         0          0          8          0          0          0   qnan.o
      1080        142        200          0          0        188   rred.o
       200         20          0          0          0        164   sin.o
       304         24         40          0          0        208   sin_i.o
       232          0          0          0          0        296   sqrt.o
       128         20          0          0          0        144   tan.o
       848         84         96          0          0        196   tan_i.o
        28          0          0          0          0         68   _chval.o
        64          0          0          0          0         84   _sgetc.o
       158          0          0          0          0         92   _strtoul.o
        26          0          0          0          0         80   atoi.o
         8          4        133          0          0         68   ctype_o.o
         0          0          0          0          0          0   entry.o
         0          0          0          0          0          0   entry10a.o
         0          0          0          0          0          0   entry11a.o
         8          4          0          0          0          0   entry2.o
         4          0          0          0          0          0   entry5.o
         0          0          0          0          0          0   entry7b.o
         0          0          0          0          0          0   entry8b.o
         8          4          0          0          0          0   entry9a.o
        32         16          0          4          0        204   errno.o
        30          0          0          0          0          0   handlers.o
        36          8          0          0          0         68   init.o
        18          0          0          0          0         76   isspace_o.o
         0          0          0          0          0          0   iusefp.o
        30          0          0          0          0         68   llshl.o
        36          0          0          0          0         68   llsshr.o
        32          0          0          0          0         68   llushr.o
        36          0          0          0          0        108   memseta.o
      2276         86          0          0          0        520   printfa.o
       878         12          0          0          0        216   scanf_fp.o
        24          0          0          0          0         68   strcat.o
        18          0          0          0          0         68   strcpy.o
        14          0          0          0          0         68   strlen.o
       156         12          0          0          0        120   strtod.o
       112          0          0          0          0         88   strtol.o
        44          0          0          0          0         80   uidiv.o
        98          0          0          0          0         92   uldiv.o
        48          0          0          0          0         68   cdcmple.o
        48          0          0          0          0         68   cdrcmple.o
        56          0          0          0          0         88   d2f.o
       334          0          0          0          0        148   dadd.o
       222          0          0          0          0        100   ddiv.o
       186          0          0          0          0        176   depilogue.o
        62          0          0          0          0         80   dfixi.o
        48          0          0          0          0         68   dfixul.o
        34          0          0          0          0         76   dflti.o
        26          0          0          0          0         76   dfltui.o
        24          0          0          0          0         76   dfltul.o
       228          0          0          0          0         96   dmul.o
       162          0          0          0          0        100   dsqrt.o
        38          0          0          0          0         68   f2d.o
       110          0          0          0          0        168   fepilogue.o

    ----------------------------------------------------------------------
     13428       1008        896          4          0       7852   Library Totals
        28          4          3          0          0          0   (incl. Padding)

    ----------------------------------------------------------------------

      Code (inc. data)   RO Data    RW Data    ZI Data      Debug   Library Name

      7600        858        760          0          0       4024   m_wm.l
      4174        146        133          4          0       2372   mc_w.l
      1626          0          0          0          0       1456   mf_w.l

    ----------------------------------------------------------------------
     13428       1008        896          4          0       7852   Library Totals

    ----------------------------------------------------------------------

==============================================================================


      Code (inc. data)   RO Data    RW Data    ZI Data      Debug   

     22444       1856       1548         96        992      28527   Grand Totals
     22444       1856       1548         96        992      28527   ELF Image Totals
     22444       1856       1548         96          0          0   ROM Totals

==============================================================================

    Total RO  Size (Code + RO Data)                23992 (  23.43kB)
    Total RW  Size (RW Data + ZI Data)              1088 (   1.06kB)
    Total ROM Size (Code + RO Data + RW Data)      24088 (  23.52kB)

==============================================================================

